Archive member included to satisfy reference by file (symbol)

c:/st/stm32cubeide_1.5.1/stm32cubeide/plugins/com.st.stm32cube.ide.mcu.externaltools.gnu-tools-for-stm32.7-2018-q2-update.win32_1.5.0.202011040924/tools/bin/../lib/gcc/arm-none-eabi/7.3.1/../../../../arm-none-eabi/lib/thumb/v7e-m/fpv4-sp/hard\libc_nano.a(lib_a-errno.o)
                              Core/Src/syscalls.o (__errno)
c:/st/stm32cubeide_1.5.1/stm32cubeide/plugins/com.st.stm32cube.ide.mcu.externaltools.gnu-tools-for-stm32.7-2018-q2-update.win32_1.5.0.202011040924/tools/bin/../lib/gcc/arm-none-eabi/7.3.1/../../../../arm-none-eabi/lib/thumb/v7e-m/fpv4-sp/hard\libc_nano.a(lib_a-exit.o)
                              c:/st/stm32cubeide_1.5.1/stm32cubeide/plugins/com.st.stm32cube.ide.mcu.externaltools.gnu-tools-for-stm32.7-2018-q2-update.win32_1.5.0.202011040924/tools/bin/../lib/gcc/arm-none-eabi/7.3.1/../../../../arm-none-eabi/lib/thumb/v7e-m/fpv4-sp/hard/crt0.o (exit)
c:/st/stm32cubeide_1.5.1/stm32cubeide/plugins/com.st.stm32cube.ide.mcu.externaltools.gnu-tools-for-stm32.7-2018-q2-update.win32_1.5.0.202011040924/tools/bin/../lib/gcc/arm-none-eabi/7.3.1/../../../../arm-none-eabi/lib/thumb/v7e-m/fpv4-sp/hard\libc_nano.a(lib_a-impure.o)
                              c:/st/stm32cubeide_1.5.1/stm32cubeide/plugins/com.st.stm32cube.ide.mcu.externaltools.gnu-tools-for-stm32.7-2018-q2-update.win32_1.5.0.202011040924/tools/bin/../lib/gcc/arm-none-eabi/7.3.1/../../../../arm-none-eabi/lib/thumb/v7e-m/fpv4-sp/hard\libc_nano.a(lib_a-exit.o) (_global_impure_ptr)
c:/st/stm32cubeide_1.5.1/stm32cubeide/plugins/com.st.stm32cube.ide.mcu.externaltools.gnu-tools-for-stm32.7-2018-q2-update.win32_1.5.0.202011040924/tools/bin/../lib/gcc/arm-none-eabi/7.3.1/../../../../arm-none-eabi/lib/thumb/v7e-m/fpv4-sp/hard\libc_nano.a(lib_a-init.o)
                              c:/st/stm32cubeide_1.5.1/stm32cubeide/plugins/com.st.stm32cube.ide.mcu.externaltools.gnu-tools-for-stm32.7-2018-q2-update.win32_1.5.0.202011040924/tools/bin/../lib/gcc/arm-none-eabi/7.3.1/../../../../arm-none-eabi/lib/thumb/v7e-m/fpv4-sp/hard/crt0.o (__libc_init_array)
c:/st/stm32cubeide_1.5.1/stm32cubeide/plugins/com.st.stm32cube.ide.mcu.externaltools.gnu-tools-for-stm32.7-2018-q2-update.win32_1.5.0.202011040924/tools/bin/../lib/gcc/arm-none-eabi/7.3.1/../../../../arm-none-eabi/lib/thumb/v7e-m/fpv4-sp/hard\libc_nano.a(lib_a-malloc.o)
                              Middlewares/ST/STM32_USB_Host_Library/Class/CDC/Src/usbh_cdc.o (malloc)
c:/st/stm32cubeide_1.5.1/stm32cubeide/plugins/com.st.stm32cube.ide.mcu.externaltools.gnu-tools-for-stm32.7-2018-q2-update.win32_1.5.0.202011040924/tools/bin/../lib/gcc/arm-none-eabi/7.3.1/../../../../arm-none-eabi/lib/thumb/v7e-m/fpv4-sp/hard\libc_nano.a(lib_a-memcpy-stub.o)
                              Middlewares/Third_Party/FreeRTOS/Source/CMSIS_RTOS_V2/cmsis_os2.o (memcpy)
c:/st/stm32cubeide_1.5.1/stm32cubeide/plugins/com.st.stm32cube.ide.mcu.externaltools.gnu-tools-for-stm32.7-2018-q2-update.win32_1.5.0.202011040924/tools/bin/../lib/gcc/arm-none-eabi/7.3.1/../../../../arm-none-eabi/lib/thumb/v7e-m/fpv4-sp/hard\libc_nano.a(lib_a-memset.o)
                              c:/st/stm32cubeide_1.5.1/stm32cubeide/plugins/com.st.stm32cube.ide.mcu.externaltools.gnu-tools-for-stm32.7-2018-q2-update.win32_1.5.0.202011040924/tools/bin/../lib/gcc/arm-none-eabi/7.3.1/../../../../arm-none-eabi/lib/thumb/v7e-m/fpv4-sp/hard/crt0.o (memset)
c:/st/stm32cubeide_1.5.1/stm32cubeide/plugins/com.st.stm32cube.ide.mcu.externaltools.gnu-tools-for-stm32.7-2018-q2-update.win32_1.5.0.202011040924/tools/bin/../lib/gcc/arm-none-eabi/7.3.1/../../../../arm-none-eabi/lib/thumb/v7e-m/fpv4-sp/hard\libc_nano.a(lib_a-nano-freer.o)
                              c:/st/stm32cubeide_1.5.1/stm32cubeide/plugins/com.st.stm32cube.ide.mcu.externaltools.gnu-tools-for-stm32.7-2018-q2-update.win32_1.5.0.202011040924/tools/bin/../lib/gcc/arm-none-eabi/7.3.1/../../../../arm-none-eabi/lib/thumb/v7e-m/fpv4-sp/hard\libc_nano.a(lib_a-malloc.o) (_free_r)
c:/st/stm32cubeide_1.5.1/stm32cubeide/plugins/com.st.stm32cube.ide.mcu.externaltools.gnu-tools-for-stm32.7-2018-q2-update.win32_1.5.0.202011040924/tools/bin/../lib/gcc/arm-none-eabi/7.3.1/../../../../arm-none-eabi/lib/thumb/v7e-m/fpv4-sp/hard\libc_nano.a(lib_a-nano-mallocr.o)
                              c:/st/stm32cubeide_1.5.1/stm32cubeide/plugins/com.st.stm32cube.ide.mcu.externaltools.gnu-tools-for-stm32.7-2018-q2-update.win32_1.5.0.202011040924/tools/bin/../lib/gcc/arm-none-eabi/7.3.1/../../../../arm-none-eabi/lib/thumb/v7e-m/fpv4-sp/hard\libc_nano.a(lib_a-malloc.o) (_malloc_r)
c:/st/stm32cubeide_1.5.1/stm32cubeide/plugins/com.st.stm32cube.ide.mcu.externaltools.gnu-tools-for-stm32.7-2018-q2-update.win32_1.5.0.202011040924/tools/bin/../lib/gcc/arm-none-eabi/7.3.1/../../../../arm-none-eabi/lib/thumb/v7e-m/fpv4-sp/hard\libc_nano.a(lib_a-sbrkr.o)
[...]
Memory Configuration

Name             Origin             Length             Attributes
CCMRAM           0x0000000010000000 0x0000000000010000 xrw
RAM              0x0000000020000000 0x0000000000020000 xrw
FLASH            0x0000000008000000 0x0000000000100000 xr
*default*        0x0000000000000000 0xffffffffffffffff

Linker script and memory map

LOAD c:/st/stm32cubeide_1.5.1/stm32cubeide/plugins/com.st.stm32cube.ide.mcu.externaltools.gnu-tools-for-stm32.7-2018-q2-update.win32_1.5.0.202011040924/tools/bin/../lib/gcc/arm-none-eabi/7.3.1/thumb/v7e-m/fpv4-sp/hard/crti.o
LOAD c:/st/stm32cubeide_1.5.1/stm32cubeide/plugins/com.st.stm32cube.ide.mcu.externaltools.gnu-tools-for-stm32.7-2018-q2-update.win32_1.5.0.202011040924/tools/bin/../lib/gcc/arm-none-eabi/7.3.1/thumb/v7e-m/fpv4-sp/hard/crtbegin.o
LOAD c:/st/stm32cubeide_1.5.1/stm32cubeide/plugins/com.st.stm32cube.ide.mcu.externaltools.gnu-tools-for-stm32.7-2018-q2-update.win32_1.5.0.202011040924/tools/bin/../lib/gcc/arm-none-eabi/7.3.1/../../../../arm-none-eabi/lib/thumb/v7e-m/fpv4-sp/hard/crt0.o
LOAD Core/Src/ADCman.o
LOAD Core/Src/freertos.o
LOAD Core/Src/main.o
LOAD Core/Src/stm32f4xx_hal_msp.o
LOAD Core/Src/stm32f4xx_hal_timebase_tim.o
LOAD Core/Src/stm32f4xx_it.o
LOAD Core/Src/syscalls.o
LOAD Core/Src/sysmem.o
LOAD Core/Src/system_stm32f4xx.o
LOAD Core/Startup/startup_stm32f407vgtx.o
LOAD Drivers/STM32F4xx_HAL_Driver/Src/stm32f4xx_hal.o
LOAD Drivers/STM32F4xx_HAL_Driver/Src/stm32f4xx_hal_adc.o
LOAD Drivers/STM32F4xx_HAL_Driver/Src/stm32f4xx_hal_adc_ex.o
LOAD Drivers/STM32F4xx_HAL_Driver/Src/stm32f4xx_hal_cortex.o
LOAD Drivers/STM32F4xx_HAL_Driver/Src/stm32f4xx_hal_dma.o
LOAD Drivers/STM32F4xx_HAL_Driver/Src/stm32f4xx_hal_dma_ex.o
LOAD Drivers/STM32F4xx_HAL_Driver/Src/stm32f4xx_hal_exti.o
LOAD Drivers/STM32F4xx_HAL_Driver/Src/stm32f4xx_hal_flash.o
LOAD Drivers/STM32F4xx_HAL_Driver/Src/stm32f4xx_hal_flash_ex.o
LOAD Drivers/STM32F4xx_HAL_Driver/Src/stm32f4xx_hal_flash_ramfunc.o
LOAD Drivers/STM32F4xx_HAL_Driver/Src/stm32f4xx_hal_gpio.o
LOAD Drivers/STM32F4xx_HAL_Driver/Src/stm32f4xx_hal_hcd.o
LOAD Drivers/STM32F4xx_HAL_Driver/Src/stm32f4xx_hal_i2c.o
LOAD Drivers/STM32F4xx_HAL_Driver/Src/stm32f4xx_hal_i2c_ex.o
LOAD Drivers/STM32F4xx_HAL_Driver/Src/stm32f4xx_hal_i2s.o
LOAD Drivers/STM32F4xx_HAL_Driver/Src/stm32f4xx_hal_i2s_ex.o
LOAD Drivers/STM32F4xx_HAL_Driver/Src/stm32f4xx_hal_pwr.o
LOAD Drivers/STM32F4xx_HAL_Driver/Src/stm32f4xx_hal_pwr_ex.o
LOAD Drivers/STM32F4xx_HAL_Driver/Src/stm32f4xx_hal_rcc.o
LOAD Drivers/STM32F4xx_HAL_Driver/Src/stm32f4xx_hal_rcc_ex.o
LOAD Drivers/STM32F4xx_HAL_Driver/Src/stm32f4xx_hal_spi.o
LOAD Drivers/STM32F4xx_HAL_Driver/Src/stm32f4xx_hal_tim.o
LOAD Drivers/STM32F4xx_HAL_Driver/Src/stm32f4xx_hal_tim_ex.o
LOAD Drivers/STM32F4xx_HAL_Driver/Src/stm32f4xx_hal_uart.o
LOAD Drivers/STM32F4xx_HAL_Driver/Src/stm32f4xx_ll_usb.o
LOAD Middlewares/ST/STM32_USB_Host_Library/Class/CDC/Src/usbh_cdc.o
LOAD Middlewares/ST/STM32_USB_Host_Library/Core/Src/usbh_core.o
LOAD Middlewares/ST/STM32_USB_Host_Library/Core/Src/usbh_ctlreq.o
LOAD Middlewares/ST/STM32_USB_Host_Library/Core/Src/usbh_ioreq.o
LOAD Middlewares/ST/STM32_USB_Host_Library/Core/Src/usbh_pipes.o
LOAD Middlewares/Third_Party/FreeRTOS/Source/CMSIS_RTOS_V2/cmsis_os2.o
LOAD Middlewares/Third_Party/FreeRTOS/Source/croutine.o
LOAD Middlewares/Third_Party/FreeRTOS/Source/event_groups.o
LOAD Middlewares/Third_Party/FreeRTOS/Source/list.o
LOAD Middlewares/Third_Party/FreeRTOS/Source/queue.o
LOAD Middlewares/Third_Party/FreeRTOS/Source/stream_buffer.o
LOAD Middlewares/Third_Party/FreeRTOS/Source/tasks.o
LOAD Middlewares/Third_Party/FreeRTOS/Source/timers.o
LOAD Middlewares/Third_Party/FreeRTOS/Source/portable/GCC/ARM_CM4F/port.o
LOAD Middlewares/Third_Party/FreeRTOS/Source/portable/MemMang/heap_4.o
LOAD USB_HOST/App/usb_host.o
LOAD USB_HOST/Target/usbh_conf.o
LOAD USB_HOST/Target/usbh_platform.o
START GROUP
LOAD c:/st/stm32cubeide_1.5.1/stm32cubeide/plugins/com.st.stm32cube.ide.mcu.externaltools.gnu-tools-for-stm32.7-2018-q2-update.win32_1.5.0.202011040924/tools/bin/../lib/gcc/arm-none-eabi/7.3.1/../../../../arm-none-eabi/lib/thumb/v7e-m/fpv4-sp/hard\libc_nano.a
LOAD c:/st/stm32cubeide_1.5.1/stm32cubeide/plugins/com.st.stm32cube.ide.mcu.externaltools.gnu-tools-for-stm32.7-2018-q2-update.win32_1.5.0.202011040924/tools/bin/../lib/gcc/arm-none-eabi/7.3.1/../../../../arm-none-eabi/lib/thumb/v7e-m/fpv4-sp/hard\libm.a
END GROUP
START GROUP
LOAD c:/st/stm32cubeide_1.5.1/stm32cubeide/plugins/com.st.stm32cube.ide.mcu.externaltools.gnu-tools-for-stm32.7-2018-q2-update.win32_1.5.0.202011040924/tools/bin/../lib/gcc/arm-none-eabi/7.3.1/thumb/v7e-m/fpv4-sp/hard\libgcc.a
LOAD c:/st/stm32cubeide_1.5.1/stm32cubeide/plugins/com.st.stm32cube.ide.mcu.externaltools.gnu-tools-for-stm32.7-2018-q2-update.win32_1.5.0.202011040924/tools/bin/../lib/gcc/arm-none-eabi/7.3.1/../../../../arm-none-eabi/lib/thumb/v7e-m/fpv4-sp/hard\libc_nano.a
END GROUP
START GROUP
LOAD c:/st/stm32cubeide_1.5.1/stm32cubeide/plugins/com.st.stm32cube.ide.mcu.externaltools.gnu-tools-for-stm32.7-2018-q2-update.win32_1.5.0.202011040924/tools/bin/../lib/gcc/arm-none-eabi/7.3.1/thumb/v7e-m/fpv4-sp/hard\libgcc.a
LOAD c:/st/stm32cubeide_1.5.1/stm32cubeide/plugins/com.st.stm32cube.ide.mcu.externaltools.gnu-tools-for-stm32.7-2018-q2-update.win32_1.5.0.202011040924/tools/bin/../lib/gcc/arm-none-eabi/7.3.1/../../../../arm-none-eabi/lib/thumb/v7e-m/fpv4-sp/hard\libc_nano.a
LOAD c:/st/stm32cubeide_1.5.1/stm32cubeide/plugins/com.st.stm32cube.ide.mcu.externaltools.gnu-tools-for-stm32.7-2018-q2-update.win32_1.5.0.202011040924/tools/bin/../lib/gcc/arm-none-eabi/7.3.1/../../../../arm-none-eabi/lib/thumb/v7e-m/fpv4-sp/hard\libnosys.a
END GROUP
START GROUP
LOAD c:/st/stm32cubeide_1.5.1/stm32cubeide/plugins/com.st.stm32cube.ide.mcu.externaltools.gnu-tools-for-stm32.7-2018-q2-update.win32_1.5.0.202011040924/tools/bin/../lib/gcc/arm-none-eabi/7.3.1/thumb/v7e-m/fpv4-sp/hard\libgcc.a
LOAD c:/st/stm32cubeide_1.5.1/stm32cubeide/plugins/com.st.stm32cube.ide.mcu.externaltools.gnu-tools-for-stm32.7-2018-q2-update.win32_1.5.0.202011040924/tools/bin/../lib/gcc/arm-none-eabi/7.3.1/../../../../arm-none-eabi/lib/thumb/v7e-m/fpv4-sp/hard\libc_nano.a
LOAD c:/st/stm32cubeide_1.5.1/stm32cubeide/plugins/com.st.stm32cube.ide.mcu.externaltools.gnu-tools-for-stm32.7-2018-q2-update.win32_1.5.0.202011040924/tools/bin/../lib/gcc/arm-none-eabi/7.3.1/../../../../arm-none-eabi/lib/thumb/v7e-m/fpv4-sp/hard\libnosys.a
END GROUP
LOAD c:/st/stm32cubeide_1.5.1/stm32cubeide/plugins/com.st.stm32cube.ide.mcu.externaltools.gnu-tools-for-stm32.7-2018-q2-update.win32_1.5.0.202011040924/tools/bin/../lib/gcc/arm-none-eabi/7.3.1/thumb/v7e-m/fpv4-sp/hard/crtend.o
LOAD c:/st/stm32cubeide_1.5.1/stm32cubeide/plugins/com.st.stm32cube.ide.mcu.externaltools.gnu-tools-for-stm32.7-2018-q2-update.win32_1.5.0.202011040924/tools/bin/../lib/gcc/arm-none-eabi/7.3.1/thumb/v7e-m/fpv4-sp/hard/crtn.o
                0x0000000020020000                _estack = (ORIGIN (RAM) + LENGTH (RAM))
                0x0000000000000200                _Min_Heap_Size = 0x200
                0x0000000000000400                _Min_Stack_Size = 0x400

.isr_vector     0x0000000008000000      0x188
                0x0000000008000000                . = ALIGN (0x4)
 *(.isr_vector)
 .isr_vector    0x0000000008000000      0x188 Core/Startup/startup_stm32f407vgtx.o
                0x0000000008000000                g_pfnVectors
                0x0000000008000188                . = ALIGN (0x4)

.text           0x0000000008000190     0xca78
                0x0000000008000190                . = ALIGN (0x4)
 *(.text)
 .text          0x0000000008000190       0x40 c:/st/stm32cubeide_1.5.1/stm32cubeide/plugins/com.st.stm32cube.ide.mcu.externaltools.gnu-tools-for-stm32.7-2018-q2-update.win32_1.5.0.202011040924/tools/bin/../lib/gcc/arm-none-eabi/7.3.1/thumb/v7e-m/fpv4-sp/hard/crtbegin.o
 .text          0x00000000080001d0       0x30 c:/st/stm32cubeide_1.5.1/stm32cubeide/plugins/com.st.stm32cube.ide.mcu.externaltools.gnu-tools-for-stm32.7-2018-q2-update.win32_1.5.0.202011040924/tools/bin/../lib/gcc/arm-none-eabi/7.3.1/thumb/v7e-m/fpv4-sp/hard\libgcc.a(_aeabi_uldivmod.o)
                0x00000000080001d0                __aeabi_uldivmod
 .text          0x0000000008000200      0x2cc c:/st/stm32cubeide_1.5.1/stm32cubeide/plugins/com.st.stm32cube.ide.mcu.externaltools.gnu-tools-for-stm32.7-2018-q2-update.win32_1.5.0.202011040924/tools/bin/../lib/gcc/arm-none-eabi/7.3.1/thumb/v7e-m/fpv4-sp/hard\libgcc.a(_udivmoddi4.o)
                0x0000000008000200                __udivmoddi4
 .text          0x00000000080004cc        0x4 c:/st/stm32cubeide_1.5.1/stm32cubeide/plugins/com.st.stm32cube.ide.mcu.externaltools.gnu-tools-for-stm32.7-2018-q2-update.win32_1.5.0.202011040924/tools/bin/../lib/gcc/arm-none-eabi/7.3.1/thumb/v7e-m/fpv4-sp/hard\libgcc.a(_dvmd_tls.o)
                0x00000000080004cc                __aeabi_idiv0
                0x00000000080004cc                __aeabi_ldiv0
 *(.text*)
 .text.ADCgetvalue
                0x00000000080004d0       0x80 Core/Src/ADCman.o
                0x00000000080004d0                ADCgetvalue
 .text.vTaskForModbus
                0x0000000008000550        0xa Core/Src/main.o
                0x0000000008000550                vTaskForModbus
 *fill*         0x000000000800055a        0x2 
 .text.vTaskForSPI
                0x000000000800055c       0x44 Core/Src/main.o
                0x000000000800055c                vTaskForSPI
 .text.vTaskForUART
                0x00000000080005a0        0xa Core/Src/main.o
                0x00000000080005a0                vTaskForUART
 .text.vTaskForDisplay
                0x00000000080005aa        0xa Core/Src/main.o
                0x00000000080005aa                vTaskForDisplay
 .text.vTaskForPorts
                0x00000000080005b4        0xa Core/Src/main.o
                0x00000000080005b4                vTaskForPorts
 *fill*         0x00000000080005be        0x2 
 .text.vTaskForADCSensorIn14
                0x00000000080005c0       0x28 Core/Src/main.o
                0x00000000080005c0                vTaskForADCSensorIn14
 .text.vTaskForADCSensorIn15
                0x00000000080005e8       0x28 Core/Src/main.o
                0x00000000080005e8                vTaskForADCSensorIn15
 .text.vTaskForI2C
                0x0000000008000610        0xa Core/Src/main.o
                0x0000000008000610                vTaskForI2C
 *fill*         0x000000000800061a        0x2 
 .text.main     0x000000000800061c      0x13c Core/Src/main.o
                0x000000000800061c                main
 .text.SystemClock_Config
                0x0000000008000758      0x104 Core/Src/main.o
                0x0000000008000758                SystemClock_Config
 .text.MX_ADC1_Init
                0x000000000800085c       0xa4 Core/Src/main.o
 .text.MX_I2C1_Init
                0x0000000008000900       0x5c Core/Src/main.o
 .text.MX_I2S3_Init
                0x000000000800095c       0x60 Core/Src/main.o
 .text.MX_SPI1_Init
                0x00000000080009bc       0x6c Core/Src/main.o
 .text.MX_USART2_UART_Init
                0x0000000008000a28       0x54 Core/Src/main.o
 .text.MX_USART3_UART_Init
                0x0000000008000a7c       0x54 Core/Src/main.o
 .text.MX_GPIO_Init
                0x0000000008000ad0      0x1fc Core/Src/main.o
 .text.StartDefaultTask
                0x0000000008000ccc       0x14 Core/Src/main.o
                0x0000000008000ccc                StartDefaultTask
 .text.HAL_TIM_PeriodElapsedCallback
                0x0000000008000ce0       0x24 Core/Src/main.o
                0x0000000008000ce0                HAL_TIM_PeriodElapsedCallback
 .text.Error_Handler
                0x0000000008000d04        0x8 Core/Src/main.o
                0x0000000008000d04                Error_Handler
 .text.HAL_MspInit
                0x0000000008000d0c       0x58 Core/Src/stm32f4xx_hal_msp.o
                0x0000000008000d0c                HAL_MspInit
 .text.HAL_ADC_MspInit
                0x0000000008000d64       0x88 Core/Src/stm32f4xx_hal_msp.o
                0x0000000008000d64                HAL_ADC_MspInit
 .text.HAL_I2C_MspInit
                0x0000000008000dec       0x90 Core/Src/stm32f4xx_hal_msp.o
                0x0000000008000dec                HAL_I2C_MspInit
 .text.HAL_I2S_MspInit
                0x0000000008000e7c       0xd0 Core/Src/stm32f4xx_hal_msp.o
                0x0000000008000e7c                HAL_I2S_MspInit
 .text.HAL_SPI_MspInit
                0x0000000008000f4c       0x90 Core/Src/stm32f4xx_hal_msp.o
                0x0000000008000f4c                HAL_SPI_MspInit
 .text.HAL_UART_MspInit
                0x0000000008000fdc      0x17c Core/Src/stm32f4xx_hal_msp.o
                0x0000000008000fdc                HAL_UART_MspInit
 .text.HAL_InitTick
                0x0000000008001158       0xb4 Core/Src/stm32f4xx_hal_timebase_tim.o
                0x0000000008001158                HAL_InitTick
 .text.NMI_Handler
                0x000000000800120c        0x6 Core/Src/stm32f4xx_it.o
                0x000000000800120c                NMI_Handler
 .text.HardFault_Handler
                0x0000000008001212        0x6 Core/Src/stm32f4xx_it.o
                0x0000000008001212                HardFault_Handler
 .text.MemManage_Handler
                0x0000000008001218        0x6 Core/Src/stm32f4xx_it.o
                0x0000000008001218                MemManage_Handler
 .text.BusFault_Handler
                0x000000000800121e        0x6 Core/Src/stm32f4xx_it.o
                0x000000000800121e                BusFault_Handler
 .text.UsageFault_Handler
                0x0000000008001224        0x6 Core/Src/stm32f4xx_it.o
                0x0000000008001224                UsageFault_Handler
 .text.DebugMon_Handler
                0x000000000800122a        0xe Core/Src/stm32f4xx_it.o
                0x000000000800122a                DebugMon_Handler
 .text.TIM1_UP_TIM10_IRQHandler
                0x0000000008001238       0x14 Core/Src/stm32f4xx_it.o
                0x0000000008001238                TIM1_UP_TIM10_IRQHandler
 .text.OTG_FS_IRQHandler
                0x000000000800124c       0x14 Core/Src/stm32f4xx_it.o
                0x000000000800124c                OTG_FS_IRQHandler
 .text._sbrk    0x0000000008001260       0x6c Core/Src/sysmem.o
                0x0000000008001260                _sbrk
 .text.SystemInit
                0x00000000080012cc       0x2c Core/Src/system_stm32f4xx.o
                0x00000000080012cc                SystemInit
 .text.Reset_Handler
                0x00000000080012f8       0x50 Core/Startup/startup_stm32f407vgtx.o
                0x00000000080012f8                Reset_Handler
 .text.Default_Handler
                0x0000000008001348        0x2 Core/Startup/startup_stm32f407vgtx.o
                0x0000000008001348                RTC_Alarm_IRQHandler
                0x0000000008001348                HASH_RNG_IRQHandler
                0x0000000008001348                EXTI2_IRQHandler
                0x0000000008001348                TIM8_CC_IRQHandler
                0x0000000008001348                TIM1_CC_IRQHandler
                0x0000000008001348                DMA2_Stream5_IRQHandler
                0x0000000008001348                DMA1_Stream5_IRQHandler
                0x0000000008001348                PVD_IRQHandler
                0x0000000008001348                SDIO_IRQHandler
                0x0000000008001348                TAMP_STAMP_IRQHandler
                0x0000000008001348                CAN2_RX1_IRQHandler
                0x0000000008001348                EXTI3_IRQHandler
                0x0000000008001348                TIM8_TRG_COM_TIM14_IRQHandler
                0x0000000008001348                TIM8_UP_TIM13_IRQHandler
                0x0000000008001348                I2C3_ER_IRQHandler
                0x0000000008001348                EXTI0_IRQHandler
                0x0000000008001348                I2C2_EV_IRQHandler
                0x0000000008001348                DMA1_Stream2_IRQHandler
                0x0000000008001348                CAN1_RX0_IRQHandler
                0x0000000008001348                FPU_IRQHandler
                0x0000000008001348                OTG_HS_WKUP_IRQHandler
                0x0000000008001348                CAN2_SCE_IRQHandler
                0x0000000008001348                DMA2_Stream2_IRQHandler
                0x0000000008001348                SPI1_IRQHandler
                0x0000000008001348                TIM6_DAC_IRQHandler
                0x0000000008001348                TIM1_BRK_TIM9_IRQHandler
                0x0000000008001348                DCMI_IRQHandler
                0x0000000008001348                CAN2_RX0_IRQHandler
                0x0000000008001348                DMA2_Stream3_IRQHandler
                0x0000000008001348                USART6_IRQHandler
                0x0000000008001348                USART3_IRQHandler
                0x0000000008001348                CAN1_RX1_IRQHandler
                0x0000000008001348                UART5_IRQHandler
                0x0000000008001348                DMA2_Stream0_IRQHandler
                0x0000000008001348                TIM4_IRQHandler
                0x0000000008001348                I2C1_EV_IRQHandler
                0x0000000008001348                DMA1_Stream6_IRQHandler
                0x0000000008001348                DMA1_Stream1_IRQHandler
                0x0000000008001348                UART4_IRQHandler
                0x0000000008001348                TIM3_IRQHandler
                0x0000000008001348                RCC_IRQHandler
                0x0000000008001348                TIM8_BRK_TIM12_IRQHandler
                0x0000000008001348                Default_Handler
                0x0000000008001348                EXTI15_10_IRQHandler
                0x0000000008001348                ADC_IRQHandler
                0x0000000008001348                DMA1_Stream7_IRQHandler
                0x0000000008001348                TIM7_IRQHandler
                0x0000000008001348                CAN2_TX_IRQHandler
                0x0000000008001348                TIM5_IRQHandler
                0x0000000008001348                DMA2_Stream7_IRQHandler
                0x0000000008001348                I2C3_EV_IRQHandler
                0x0000000008001348                EXTI9_5_IRQHandler
                0x0000000008001348                RTC_WKUP_IRQHandler
                0x0000000008001348                ETH_WKUP_IRQHandler
                0x0000000008001348                SPI2_IRQHandler
                0x0000000008001348                OTG_HS_EP1_IN_IRQHandler
                0x0000000008001348                DMA1_Stream0_IRQHandler
                0x0000000008001348                CAN1_TX_IRQHandler
                0x0000000008001348                EXTI4_IRQHandler
                0x0000000008001348                FSMC_IRQHandler
                0x0000000008001348                ETH_IRQHandler
                0x0000000008001348                OTG_HS_EP1_OUT_IRQHandler
                0x0000000008001348                WWDG_IRQHandler
                0x0000000008001348                TIM2_IRQHandler
                0x0000000008001348                OTG_FS_WKUP_IRQHandler
                0x0000000008001348                TIM1_TRG_COM_TIM11_IRQHandler
                0x0000000008001348                OTG_HS_IRQHandler
                0x0000000008001348                EXTI1_IRQHandler
                0x0000000008001348                USART2_IRQHandler
                0x0000000008001348                I2C2_ER_IRQHandler
                0x0000000008001348                DMA2_Stream1_IRQHandler
                0x0000000008001348                CAN1_SCE_IRQHandler
                0x0000000008001348                FLASH_IRQHandler
                0x0000000008001348                DMA2_Stream4_IRQHandler
                0x0000000008001348                USART1_IRQHandler
                0x0000000008001348                SPI3_IRQHandler
                0x0000000008001348                DMA1_Stream4_IRQHandler
                0x0000000008001348                I2C1_ER_IRQHandler
                0x0000000008001348                DMA2_Stream6_IRQHandler
                0x0000000008001348                DMA1_Stream3_IRQHandler
 *fill*         0x000000000800134a        0x2 
 .text.HAL_Init
                0x000000000800134c       0x44 Drivers/STM32F4xx_HAL_Driver/Src/stm32f4xx_hal.o
                0x000000000800134c                HAL_Init
 .text.HAL_IncTick
                0x0000000008001390       0x28 Drivers/STM32F4xx_HAL_Driver/Src/stm32f4xx_hal.o
                0x0000000008001390                HAL_IncTick
 .text.HAL_GetTick
                0x00000000080013b8       0x18 Drivers/STM32F4xx_HAL_Driver/Src/stm32f4xx_hal.o
                0x00000000080013b8                HAL_GetTick
 .text.HAL_Delay
                0x00000000080013d0       0x44 Drivers/STM32F4xx_HAL_Driver/Src/stm32f4xx_hal.o
                0x00000000080013d0                HAL_Delay
 .text.HAL_ADC_Init
                0x0000000008001414       0x86 Drivers/STM32F4xx_HAL_Driver/Src/stm32f4xx_hal_adc.o
                0x0000000008001414                HAL_ADC_Init
 *fill*         0x000000000800149a        0x2 
 .text.HAL_ADC_Start
                0x000000000800149c      0x18c Drivers/STM32F4xx_HAL_Driver/Src/stm32f4xx_hal_adc.o
                0x000000000800149c                HAL_ADC_Start
 .text.HAL_ADC_Stop
                0x0000000008001628       0x66 Drivers/STM32F4xx_HAL_Driver/Src/stm32f4xx_hal_adc.o
                0x0000000008001628                HAL_ADC_Stop
 .text.HAL_ADC_PollForConversion
                0x000000000800168e      0x108 Drivers/STM32F4xx_HAL_Driver/Src/stm32f4xx_hal_adc.o
                0x000000000800168e                HAL_ADC_PollForConversion
 .text.HAL_ADC_GetValue
                0x0000000008001796       0x1a Drivers/STM32F4xx_HAL_Driver/Src/stm32f4xx_hal_adc.o
                0x0000000008001796                HAL_ADC_GetValue
 .text.HAL_ADC_ConfigChannel
                0x00000000080017b0      0x244 Drivers/STM32F4xx_HAL_Driver/Src/stm32f4xx_hal_adc.o
                0x00000000080017b0                HAL_ADC_ConfigChannel
 .text.ADC_Init
                0x00000000080019f4      0x1f8 Drivers/STM32F4xx_HAL_Driver/Src/stm32f4xx_hal_adc.o
 .text.__NVIC_SetPriorityGrouping
                0x0000000008001bec       0x48 Drivers/STM32F4xx_HAL_Driver/Src/stm32f4xx_hal_cortex.o
 .text.__NVIC_GetPriorityGrouping
                0x0000000008001c34       0x1c Drivers/STM32F4xx_HAL_Driver/Src/stm32f4xx_hal_cortex.o
 .text.__NVIC_EnableIRQ
                0x0000000008001c50       0x3c Drivers/STM32F4xx_HAL_Driver/Src/stm32f4xx_hal_cortex.o
 .text.__NVIC_SetPriority
                0x0000000008001c8c       0x54 Drivers/STM32F4xx_HAL_Driver/Src/stm32f4xx_hal_cortex.o
 .text.NVIC_EncodePriority
                0x0000000008001ce0       0x66 Drivers/STM32F4xx_HAL_Driver/Src/stm32f4xx_hal_cortex.o
 .text.HAL_NVIC_SetPriorityGrouping
                0x0000000008001d46       0x16 Drivers/STM32F4xx_HAL_Driver/Src/stm32f4xx_hal_cortex.o
                0x0000000008001d46                HAL_NVIC_SetPriorityGrouping
 .text.HAL_NVIC_SetPriority
                0x0000000008001d5c       0x38 Drivers/STM32F4xx_HAL_Driver/Src/stm32f4xx_hal_cortex.o
                0x0000000008001d5c                HAL_NVIC_SetPriority
 .text.HAL_NVIC_EnableIRQ
                0x0000000008001d94       0x1c Drivers/STM32F4xx_HAL_Driver/Src/stm32f4xx_hal_cortex.o
                0x0000000008001d94                HAL_NVIC_EnableIRQ
 .text.HAL_GPIO_Init
                0x0000000008001db0      0x334 Drivers/STM32F4xx_HAL_Driver/Src/stm32f4xx_hal_gpio.o
                0x0000000008001db0                HAL_GPIO_Init
 .text.HAL_GPIO_WritePin
                0x00000000080020e4       0x32 Drivers/STM32F4xx_HAL_Driver/Src/stm32f4xx_hal_gpio.o
                0x00000000080020e4                HAL_GPIO_WritePin
 .text.HAL_HCD_Init
                0x0000000008002116       0xc4 Drivers/STM32F4xx_HAL_Driver/Src/stm32f4xx_hal_hcd.o
                0x0000000008002116                HAL_HCD_Init
 .text.HAL_HCD_HC_Init
                0x00000000080021da      0x130 Drivers/STM32F4xx_HAL_Driver/Src/stm32f4xx_hal_hcd.o
                0x00000000080021da                HAL_HCD_HC_Init
 .text.HAL_HCD_HC_Halt
                0x000000000800230a       0x46 Drivers/STM32F4xx_HAL_Driver/Src/stm32f4xx_hal_hcd.o
                0x000000000800230a                HAL_HCD_HC_Halt
 .text.HAL_HCD_HC_SubmitRequest
                0x0000000008002350      0x2e4 Drivers/STM32F4xx_HAL_Driver/Src/stm32f4xx_hal_hcd.o
                0x0000000008002350                HAL_HCD_HC_SubmitRequest
 .text.HAL_HCD_IRQHandler
                0x0000000008002634      0x208 Drivers/STM32F4xx_HAL_Driver/Src/stm32f4xx_hal_hcd.o
                0x0000000008002634                HAL_HCD_IRQHandler
 .text.HAL_HCD_Start
                0x000000000800283c       0x46 Drivers/STM32F4xx_HAL_Driver/Src/stm32f4xx_hal_hcd.o
                0x000000000800283c                HAL_HCD_Start
 .text.HAL_HCD_Stop
                0x0000000008002882       0x3a Drivers/STM32F4xx_HAL_Driver/Src/stm32f4xx_hal_hcd.o
                0x0000000008002882                HAL_HCD_Stop
 .text.HAL_HCD_ResetPort
                0x00000000080028bc       0x1c Drivers/STM32F4xx_HAL_Driver/Src/stm32f4xx_hal_hcd.o
                0x00000000080028bc                HAL_HCD_ResetPort
 .text.HAL_HCD_HC_GetURBState
                0x00000000080028d8       0x2a Drivers/STM32F4xx_HAL_Driver/Src/stm32f4xx_hal_hcd.o
                0x00000000080028d8                HAL_HCD_HC_GetURBState
 .text.HAL_HCD_HC_GetXferCount
                0x0000000008002902       0x2a Drivers/STM32F4xx_HAL_Driver/Src/stm32f4xx_hal_hcd.o
                0x0000000008002902                HAL_HCD_HC_GetXferCount
 .text.HAL_HCD_GetCurrentFrame
                0x000000000800292c       0x1c Drivers/STM32F4xx_HAL_Driver/Src/stm32f4xx_hal_hcd.o
                0x000000000800292c                HAL_HCD_GetCurrentFrame
 .text.HAL_HCD_GetCurrentSpeed
                0x0000000008002948       0x1c Drivers/STM32F4xx_HAL_Driver/Src/stm32f4xx_hal_hcd.o
                0x0000000008002948                HAL_HCD_GetCurrentSpeed
 .text.HCD_HC_IN_IRQHandler
                0x0000000008002964      0x86a Drivers/STM32F4xx_HAL_Driver/Src/stm32f4xx_hal_hcd.o
 .text.HCD_HC_OUT_IRQHandler
                0x00000000080031ce      0x6ea Drivers/STM32F4xx_HAL_Driver/Src/stm32f4xx_hal_hcd.o
 .text.HCD_RXQLVL_IRQHandler
                0x00000000080038b8      0x158 Drivers/STM32F4xx_HAL_Driver/Src/stm32f4xx_hal_hcd.o
 .text.HCD_Port_IRQHandler
                0x0000000008003a10       0xe6 Drivers/STM32F4xx_HAL_Driver/Src/stm32f4xx_hal_hcd.o
 *fill*         0x0000000008003af6        0x2 
 .text.HAL_I2C_Init
                0x0000000008003af8      0x270 Drivers/STM32F4xx_HAL_Driver/Src/stm32f4xx_hal_i2c.o
                0x0000000008003af8                HAL_I2C_Init
 .text.HAL_I2S_Init
                0x0000000008003d68      0x280 Drivers/STM32F4xx_HAL_Driver/Src/stm32f4xx_hal_i2s.o
                0x0000000008003d68                HAL_I2S_Init
 .text.HAL_I2S_TxCpltCallback
                0x0000000008003fe8       0x14 Drivers/STM32F4xx_HAL_Driver/Src/stm32f4xx_hal_i2s.o
                0x0000000008003fe8                HAL_I2S_TxCpltCallback
 .text.HAL_I2S_RxCpltCallback
                0x0000000008003ffc       0x14 Drivers/STM32F4xx_HAL_Driver/Src/stm32f4xx_hal_i2s.o
                0x0000000008003ffc                HAL_I2S_RxCpltCallback
 .text.HAL_I2S_ErrorCallback
                0x0000000008004010       0x14 Drivers/STM32F4xx_HAL_Driver/Src/stm32f4xx_hal_i2s.o
                0x0000000008004010                HAL_I2S_ErrorCallback
 .text.I2S_Transmit_IT
                0x0000000008004024       0x5c Drivers/STM32F4xx_HAL_Driver/Src/stm32f4xx_hal_i2s.o
 .text.I2S_Receive_IT
                0x0000000008004080       0x5e Drivers/STM32F4xx_HAL_Driver/Src/stm32f4xx_hal_i2s.o
 .text.I2S_IRQHandler
                0x00000000080040de      0x114 Drivers/STM32F4xx_HAL_Driver/Src/stm32f4xx_hal_i2s.o
 *fill*         0x00000000080041f2        0x2 
 .text.HAL_I2SEx_FullDuplex_IRQHandler
                0x00000000080041f4      0x2a8 Drivers/STM32F4xx_HAL_Driver/Src/stm32f4xx_hal_i2s_ex.o
                0x00000000080041f4                HAL_I2SEx_FullDuplex_IRQHandler
 .text.HAL_I2SEx_TxRxCpltCallback
                0x000000000800449c       0x14 Drivers/STM32F4xx_HAL_Driver/Src/stm32f4xx_hal_i2s_ex.o
                0x000000000800449c                HAL_I2SEx_TxRxCpltCallback
 .text.I2SEx_TxISR_I2S
                0x00000000080044b0       0x62 Drivers/STM32F4xx_HAL_Driver/Src/stm32f4xx_hal_i2s_ex.o
 *fill*         0x0000000008004512        0x2 
 .text.I2SEx_TxISR_I2SExt
                0x0000000008004514       0x98 Drivers/STM32F4xx_HAL_Driver/Src/stm32f4xx_hal_i2s_ex.o
 .text.I2SEx_RxISR_I2S
                0x00000000080045ac       0x64 Drivers/STM32F4xx_HAL_Driver/Src/stm32f4xx_hal_i2s_ex.o
 .text.I2SEx_RxISR_I2SExt
                0x0000000008004610       0x98 Drivers/STM32F4xx_HAL_Driver/Src/stm32f4xx_hal_i2s_ex.o
 .text.HAL_RCC_OscConfig
                0x00000000080046a8      0x4e0 Drivers/STM32F4xx_HAL_Driver/Src/stm32f4xx_hal_rcc.o
                0x00000000080046a8                HAL_RCC_OscConfig
 .text.HAL_RCC_ClockConfig
                0x0000000008004b88      0x1cc Drivers/STM32F4xx_HAL_Driver/Src/stm32f4xx_hal_rcc.o
                0x0000000008004b88                HAL_RCC_ClockConfig
 .text.HAL_RCC_GetSysClockFreq
                0x0000000008004d54      0x1b0 Drivers/STM32F4xx_HAL_Driver/Src/stm32f4xx_hal_rcc.o
                0x0000000008004d54                HAL_RCC_GetSysClockFreq
 .text.HAL_RCC_GetHCLKFreq
                0x0000000008004f04       0x18 Drivers/STM32F4xx_HAL_Driver/Src/stm32f4xx_hal_rcc.o
                0x0000000008004f04                HAL_RCC_GetHCLKFreq
 .text.HAL_RCC_GetPCLK1Freq
                0x0000000008004f1c       0x28 Drivers/STM32F4xx_HAL_Driver/Src/stm32f4xx_hal_rcc.o
                0x0000000008004f1c                HAL_RCC_GetPCLK1Freq
 .text.HAL_RCC_GetPCLK2Freq
                0x0000000008004f44       0x28 Drivers/STM32F4xx_HAL_Driver/Src/stm32f4xx_hal_rcc.o
                0x0000000008004f44                HAL_RCC_GetPCLK2Freq
 .text.HAL_RCC_GetClockConfig
                0x0000000008004f6c       0x64 Drivers/STM32F4xx_HAL_Driver/Src/stm32f4xx_hal_rcc.o
                0x0000000008004f6c                HAL_RCC_GetClockConfig
 .text.HAL_RCCEx_PeriphCLKConfig
                0x0000000008004fd0      0x1c4 Drivers/STM32F4xx_HAL_Driver/Src/stm32f4xx_hal_rcc_ex.o
                0x0000000008004fd0                HAL_RCCEx_PeriphCLKConfig
 .text.HAL_RCCEx_GetPeriphCLKFreq
                0x0000000008005194       0xb8 Drivers/STM32F4xx_HAL_Driver/Src/stm32f4xx_hal_rcc_ex.o
                0x0000000008005194                HAL_RCCEx_GetPeriphCLKFreq
 .text.HAL_SPI_Init
                0x000000000800524c       0xc8 Drivers/STM32F4xx_HAL_Driver/Src/stm32f4xx_hal_spi.o
                0x000000000800524c                HAL_SPI_Init
 .text.HAL_SPI_TransmitReceive
                0x0000000008005314      0x344 Drivers/STM32F4xx_HAL_Driver/Src/stm32f4xx_hal_spi.o
                0x0000000008005314                HAL_SPI_TransmitReceive
 .text.SPI_WaitFlagStateUntilTimeout
                0x0000000008005658       0xd4 Drivers/STM32F4xx_HAL_Driver/Src/stm32f4xx_hal_spi.o
 .text.SPI_EndRxTxTransaction
                0x000000000800572c       0x84 Drivers/STM32F4xx_HAL_Driver/Src/stm32f4xx_hal_spi.o
 .text.HAL_TIM_Base_Init
                0x00000000080057b0       0x56 Drivers/STM32F4xx_HAL_Driver/Src/stm32f4xx_hal_tim.o
                0x00000000080057b0                HAL_TIM_Base_Init
 .text.HAL_TIM_Base_MspInit
                0x0000000008005806       0x14 Drivers/STM32F4xx_HAL_Driver/Src/stm32f4xx_hal_tim.o
                0x0000000008005806                HAL_TIM_Base_MspInit
 .text.HAL_TIM_Base_Start_IT
                0x000000000800581a       0x48 Drivers/STM32F4xx_HAL_Driver/Src/stm32f4xx_hal_tim.o
                0x000000000800581a                HAL_TIM_Base_Start_IT
 .text.HAL_TIM_IRQHandler
                0x0000000008005862      0x210 Drivers/STM32F4xx_HAL_Driver/Src/stm32f4xx_hal_tim.o
                0x0000000008005862                HAL_TIM_IRQHandler
 .text.HAL_TIM_OC_DelayElapsedCallback
                0x0000000008005a72       0x14 Drivers/STM32F4xx_HAL_Driver/Src/stm32f4xx_hal_tim.o
                0x0000000008005a72                HAL_TIM_OC_DelayElapsedCallback
 .text.HAL_TIM_IC_CaptureCallback
                0x0000000008005a86       0x14 Drivers/STM32F4xx_HAL_Driver/Src/stm32f4xx_hal_tim.o
                0x0000000008005a86                HAL_TIM_IC_CaptureCallback
 .text.HAL_TIM_PWM_PulseFinishedCallback
                0x0000000008005a9a       0x14 Drivers/STM32F4xx_HAL_Driver/Src/stm32f4xx_hal_tim.o
                0x0000000008005a9a                HAL_TIM_PWM_PulseFinishedCallback
 .text.HAL_TIM_TriggerCallback
                0x0000000008005aae       0x14 Drivers/STM32F4xx_HAL_Driver/Src/stm32f4xx_hal_tim.o
                0x0000000008005aae                HAL_TIM_TriggerCallback
 *fill*         0x0000000008005ac2        0x2 
 .text.TIM_Base_SetConfig
                0x0000000008005ac4      0x140 Drivers/STM32F4xx_HAL_Driver/Src/stm32f4xx_hal_tim.o
                0x0000000008005ac4                TIM_Base_SetConfig
 .text.HAL_TIMEx_CommutCallback
                0x0000000008005c04       0x14 Drivers/STM32F4xx_HAL_Driver/Src/stm32f4xx_hal_tim_ex.o
                0x0000000008005c04                HAL_TIMEx_CommutCallback
 .text.HAL_TIMEx_BreakCallback
                0x0000000008005c18       0x14 Drivers/STM32F4xx_HAL_Driver/Src/stm32f4xx_hal_tim_ex.o
                0x0000000008005c18                HAL_TIMEx_BreakCallback
 .text.HAL_UART_Init
                0x0000000008005c2c       0x9a Drivers/STM32F4xx_HAL_Driver/Src/stm32f4xx_hal_uart.o
                0x0000000008005c2c                HAL_UART_Init
 *fill*         0x0000000008005cc6        0x2 
 .text.UART_SetConfig
                0x0000000008005cc8      0x6f8 Drivers/STM32F4xx_HAL_Driver/Src/stm32f4xx_hal_uart.o
 .text.USB_CoreInit
                0x00000000080063c0       0xc2 Drivers/STM32F4xx_HAL_Driver/Src/stm32f4xx_ll_usb.o
                0x00000000080063c0                USB_CoreInit
 .text.USB_EnableGlobalInt
                0x0000000008006482       0x22 Drivers/STM32F4xx_HAL_Driver/Src/stm32f4xx_ll_usb.o
                0x0000000008006482                USB_EnableGlobalInt
 .text.USB_DisableGlobalInt
                0x00000000080064a4       0x22 Drivers/STM32F4xx_HAL_Driver/Src/stm32f4xx_ll_usb.o
                0x00000000080064a4                USB_DisableGlobalInt
 .text.USB_SetCurrentMode
                0x00000000080064c6       0x54 Drivers/STM32F4xx_HAL_Driver/Src/stm32f4xx_ll_usb.o
                0x00000000080064c6                USB_SetCurrentMode
 *fill*         0x000000000800651a        0x2 
 .text.USB_FlushTxFifo
                0x000000000800651c       0x4c Drivers/STM32F4xx_HAL_Driver/Src/stm32f4xx_ll_usb.o
                0x000000000800651c                USB_FlushTxFifo
 .text.USB_FlushRxFifo
                0x0000000008006568       0x44 Drivers/STM32F4xx_HAL_Driver/Src/stm32f4xx_ll_usb.o
                0x0000000008006568                USB_FlushRxFifo
 .text.USB_WritePacket
                0x00000000080065ac       0x6a Drivers/STM32F4xx_HAL_Driver/Src/stm32f4xx_ll_usb.o
                0x00000000080065ac                USB_WritePacket
 .text.USB_ReadPacket
                0x0000000008006616       0x52 Drivers/STM32F4xx_HAL_Driver/Src/stm32f4xx_ll_usb.o
                0x0000000008006616                USB_ReadPacket
 .text.USB_ReadInterrupts
                0x0000000008006668       0x26 Drivers/STM32F4xx_HAL_Driver/Src/stm32f4xx_ll_usb.o
                0x0000000008006668                USB_ReadInterrupts
 .text.USB_GetMode
                0x000000000800668e       0x1c Drivers/STM32F4xx_HAL_Driver/Src/stm32f4xx_ll_usb.o
                0x000000000800668e                USB_GetMode
 *fill*         0x00000000080066aa        0x2 
 .text.USB_CoreReset
                0x00000000080066ac       0x68 Drivers/STM32F4xx_HAL_Driver/Src/stm32f4xx_ll_usb.o
 .text.USB_HostInit
                0x0000000008006714      0x178 Drivers/STM32F4xx_HAL_Driver/Src/stm32f4xx_ll_usb.o
                0x0000000008006714                USB_HostInit
 .text.USB_InitFSLSPClkSel
                0x000000000800688c       0x74 Drivers/STM32F4xx_HAL_Driver/Src/stm32f4xx_ll_usb.o
                0x000000000800688c                USB_InitFSLSPClkSel
 .text.USB_ResetPort
                0x0000000008006900       0x54 Drivers/STM32F4xx_HAL_Driver/Src/stm32f4xx_ll_usb.o
                0x0000000008006900                USB_ResetPort
 .text.USB_DriveVbus
                0x0000000008006954       0x72 Drivers/STM32F4xx_HAL_Driver/Src/stm32f4xx_ll_usb.o
                0x0000000008006954                USB_DriveVbus
 .text.USB_GetHostSpeed
                0x00000000080069c6       0x2e Drivers/STM32F4xx_HAL_Driver/Src/stm32f4xx_ll_usb.o
                0x00000000080069c6                USB_GetHostSpeed
 .text.USB_GetCurrentFrame
                0x00000000080069f4       0x22 Drivers/STM32F4xx_HAL_Driver/Src/stm32f4xx_ll_usb.o
                0x00000000080069f4                USB_GetCurrentFrame
 *fill*         0x0000000008006a16        0x2 
 .text.USB_HC_Init
                0x0000000008006a18      0x214 Drivers/STM32F4xx_HAL_Driver/Src/stm32f4xx_ll_usb.o
                0x0000000008006a18                USB_HC_Init
 .text.USB_HC_StartXfer
                0x0000000008006c2c      0x28c Drivers/STM32F4xx_HAL_Driver/Src/stm32f4xx_ll_usb.o
                0x0000000008006c2c                USB_HC_StartXfer
 .text.USB_HC_ReadInterrupt
                0x0000000008006eb8       0x22 Drivers/STM32F4xx_HAL_Driver/Src/stm32f4xx_ll_usb.o
                0x0000000008006eb8                USB_HC_ReadInterrupt
 .text.USB_HC_Halt
                0x0000000008006eda      0x1fe Drivers/STM32F4xx_HAL_Driver/Src/stm32f4xx_ll_usb.o
                0x0000000008006eda                USB_HC_Halt
 .text.USB_DoPing
                0x00000000080070d8       0x78 Drivers/STM32F4xx_HAL_Driver/Src/stm32f4xx_ll_usb.o
                0x00000000080070d8                USB_DoPing
 .text.USB_StopHost
                0x0000000008007150      0x10c Drivers/STM32F4xx_HAL_Driver/Src/stm32f4xx_ll_usb.o
                0x0000000008007150                USB_StopHost
 .text.USBH_CDC_InterfaceInit
                0x000000000800725c      0x2ac Middlewares/ST/STM32_USB_Host_Library/Class/CDC/Src/usbh_cdc.o
 .text.USBH_CDC_InterfaceDeInit
                0x0000000008007508       0xb2 Middlewares/ST/STM32_USB_Host_Library/Class/CDC/Src/usbh_cdc.o
 .text.USBH_CDC_ClassRequest
                0x00000000080075ba       0x3e Middlewares/ST/STM32_USB_Host_Library/Class/CDC/Src/usbh_cdc.o
 .text.USBH_CDC_Process
                0x00000000080075f8      0x12c Middlewares/ST/STM32_USB_Host_Library/Class/CDC/Src/usbh_cdc.o
 .text.USBH_CDC_SOFProcess
                0x0000000008007724       0x16 Middlewares/ST/STM32_USB_Host_Library/Class/CDC/Src/usbh_cdc.o
 .text.GetLineCoding
                0x000000000800773a       0x3e Middlewares/ST/STM32_USB_Host_Library/Class/CDC/Src/usbh_cdc.o
 .text.SetLineCoding
                0x0000000008007778       0x3e Middlewares/ST/STM32_USB_Host_Library/Class/CDC/Src/usbh_cdc.o
 .text.CDC_ProcessTransmission
                0x00000000080077b6      0x128 Middlewares/ST/STM32_USB_Host_Library/Class/CDC/Src/usbh_cdc.o
 .text.CDC_ProcessReception
                0x00000000080078de       0xd2 Middlewares/ST/STM32_USB_Host_Library/Class/CDC/Src/usbh_cdc.o
 .text.USBH_CDC_TransmitCallback
                0x00000000080079b0       0x14 Middlewares/ST/STM32_USB_Host_Library/Class/CDC/Src/usbh_cdc.o
                0x00000000080079b0                USBH_CDC_TransmitCallback
 .text.USBH_CDC_ReceiveCallback
                0x00000000080079c4       0x14 Middlewares/ST/STM32_USB_Host_Library/Class/CDC/Src/usbh_cdc.o
                0x00000000080079c4                USBH_CDC_ReceiveCallback
 .text.USBH_CDC_LineCodingChanged
                0x00000000080079d8       0x14 Middlewares/ST/STM32_USB_Host_Library/Class/CDC/Src/usbh_cdc.o
                0x00000000080079d8                USBH_CDC_LineCodingChanged
 .text.USBH_Init
                0x00000000080079ec       0xb8 Middlewares/ST/STM32_USB_Host_Library/Core/Src/usbh_core.o
                0x00000000080079ec                USBH_Init
 .text.DeInitStateMachine
                0x0000000008007aa4       0xa8 Middlewares/ST/STM32_USB_Host_Library/Core/Src/usbh_core.o
 .text.USBH_RegisterClass
                0x0000000008007b4c       0x54 Middlewares/ST/STM32_USB_Host_Library/Core/Src/usbh_core.o
                0x0000000008007b4c                USBH_RegisterClass
 .text.USBH_SelectInterface
                0x0000000008007ba0       0x38 Middlewares/ST/STM32_USB_Host_Library/Core/Src/usbh_core.o
                0x0000000008007ba0                USBH_SelectInterface
 .text.USBH_FindInterface
                0x0000000008007bd8       0x8c Middlewares/ST/STM32_USB_Host_Library/Core/Src/usbh_core.o
                0x0000000008007bd8                USBH_FindInterface
 .text.USBH_Start
                0x0000000008007c64       0x20 Middlewares/ST/STM32_USB_Host_Library/Core/Src/usbh_core.o
                0x0000000008007c64                USBH_Start
 .text.USBH_Process
                0x0000000008007c84      0x4c4 Middlewares/ST/STM32_USB_Host_Library/Core/Src/usbh_core.o
                0x0000000008007c84                USBH_Process
 .text.USBH_HandleEnum
                0x0000000008008148      0x458 Middlewares/ST/STM32_USB_Host_Library/Core/Src/usbh_core.o
 .text.USBH_LL_SetTimer
                0x00000000080085a0       0x1e Middlewares/ST/STM32_USB_Host_Library/Core/Src/usbh_core.o
                0x00000000080085a0                USBH_LL_SetTimer
 .text.USBH_LL_IncTimer
                0x00000000080085be       0x24 Middlewares/ST/STM32_USB_Host_Library/Core/Src/usbh_core.o
                0x00000000080085be                USBH_LL_IncTimer
 .text.USBH_HandleSof
                0x00000000080085e2       0x30 Middlewares/ST/STM32_USB_Host_Library/Core/Src/usbh_core.o
 .text.USBH_LL_PortEnabled
                0x0000000008008612       0x34 Middlewares/ST/STM32_USB_Host_Library/Core/Src/usbh_core.o
                0x0000000008008612                USBH_LL_PortEnabled
 .text.USBH_LL_PortDisabled
                0x0000000008008646       0x1c Middlewares/ST/STM32_USB_Host_Library/Core/Src/usbh_core.o
                0x0000000008008646                USBH_LL_PortDisabled
 .text.USBH_LL_Connect
                0x0000000008008662       0x46 Middlewares/ST/STM32_USB_Host_Library/Core/Src/usbh_core.o
                0x0000000008008662                USBH_LL_Connect
 .text.USBH_LL_Disconnect
                0x00000000080086a8       0x64 Middlewares/ST/STM32_USB_Host_Library/Core/Src/usbh_core.o
                0x00000000080086a8                USBH_LL_Disconnect
 .text.USBH_Process_OS
                0x000000000800870c       0x2e Middlewares/ST/STM32_USB_Host_Library/Core/Src/usbh_core.o
 .text.USBH_LL_NotifyURBChange
                0x000000000800873a       0x2e Middlewares/ST/STM32_USB_Host_Library/Core/Src/usbh_core.o
                0x000000000800873a                USBH_LL_NotifyURBChange
 .text.USBH_Get_DevDesc
                0x0000000008008768       0x50 Middlewares/ST/STM32_USB_Host_Library/Core/Src/usbh_ctlreq.o
                0x0000000008008768                USBH_Get_DevDesc
 .text.USBH_Get_CfgDesc
                0x00000000080087b8       0x48 Middlewares/ST/STM32_USB_Host_Library/Core/Src/usbh_ctlreq.o
                0x00000000080087b8                USBH_Get_CfgDesc
 .text.USBH_Get_StringDesc
                0x0000000008008800       0x56 Middlewares/ST/STM32_USB_Host_Library/Core/Src/usbh_ctlreq.o
                0x0000000008008800                USBH_Get_StringDesc
 .text.USBH_GetDescriptor
                0x0000000008008856       0x6a Middlewares/ST/STM32_USB_Host_Library/Core/Src/usbh_ctlreq.o
                0x0000000008008856                USBH_GetDescriptor
 .text.USBH_SetAddress
                0x00000000080088c0       0x48 Middlewares/ST/STM32_USB_Host_Library/Core/Src/usbh_ctlreq.o
                0x00000000080088c0                USBH_SetAddress
 .text.USBH_SetCfg
                0x0000000008008908       0x46 Middlewares/ST/STM32_USB_Host_Library/Core/Src/usbh_ctlreq.o
                0x0000000008008908                USBH_SetCfg
 .text.USBH_SetFeature
                0x000000000800894e       0x48 Middlewares/ST/STM32_USB_Host_Library/Core/Src/usbh_ctlreq.o
                0x000000000800894e                USBH_SetFeature
 .text.USBH_ClrFeature
                0x0000000008008996       0x48 Middlewares/ST/STM32_USB_Host_Library/Core/Src/usbh_ctlreq.o
                0x0000000008008996                USBH_ClrFeature
 .text.USBH_ParseDevDesc
                0x00000000080089de       0xe0 Middlewares/ST/STM32_USB_Host_Library/Core/Src/usbh_ctlreq.o
 .text.USBH_ParseCfgDesc
                0x0000000008008abe      0x144 Middlewares/ST/STM32_USB_Host_Library/Core/Src/usbh_ctlreq.o
 .text.USBH_ParseInterfaceDesc
                0x0000000008008c02       0x5e Middlewares/ST/STM32_USB_Host_Library/Core/Src/usbh_ctlreq.o
 .text.USBH_ParseEPDesc
                0x0000000008008c60       0x5a Middlewares/ST/STM32_USB_Host_Library/Core/Src/usbh_ctlreq.o
 .text.USBH_ParseStringDesc
                0x0000000008008cba       0x66 Middlewares/ST/STM32_USB_Host_Library/Core/Src/usbh_ctlreq.o
 .text.USBH_GetNextDesc
                0x0000000008008d20       0x36 Middlewares/ST/STM32_USB_Host_Library/Core/Src/usbh_ctlreq.o
                0x0000000008008d20                USBH_GetNextDesc
 .text.USBH_CtlReq
                0x0000000008008d56       0xb2 Middlewares/ST/STM32_USB_Host_Library/Core/Src/usbh_ctlreq.o
                0x0000000008008d56                USBH_CtlReq
 .text.USBH_HandleControl
                0x0000000008008e08      0x494 Middlewares/ST/STM32_USB_Host_Library/Core/Src/usbh_ctlreq.o
 .text.USBH_CtlSendSetup
                0x000000000800929c       0x34 Middlewares/ST/STM32_USB_Host_Library/Core/Src/usbh_ioreq.o
                0x000000000800929c                USBH_CtlSendSetup
 .text.USBH_CtlSendData
                0x00000000080092d0       0x4a Middlewares/ST/STM32_USB_Host_Library/Core/Src/usbh_ioreq.o
                0x00000000080092d0                USBH_CtlSendData
 .text.USBH_CtlReceiveData
                0x000000000800931a       0x3c Middlewares/ST/STM32_USB_Host_Library/Core/Src/usbh_ioreq.o
                0x000000000800931a                USBH_CtlReceiveData
 .text.USBH_BulkSendData
                0x0000000008009356       0x4a Middlewares/ST/STM32_USB_Host_Library/Core/Src/usbh_ioreq.o
                0x0000000008009356                USBH_BulkSendData
 .text.USBH_BulkReceiveData
                0x00000000080093a0       0x3c Middlewares/ST/STM32_USB_Host_Library/Core/Src/usbh_ioreq.o
                0x00000000080093a0                USBH_BulkReceiveData
 .text.USBH_OpenPipe
                0x00000000080093dc       0x3e Middlewares/ST/STM32_USB_Host_Library/Core/Src/usbh_pipes.o
                0x00000000080093dc                USBH_OpenPipe
 .text.USBH_ClosePipe
                0x000000000800941a       0x20 Middlewares/ST/STM32_USB_Host_Library/Core/Src/usbh_pipes.o
                0x000000000800941a                USBH_ClosePipe
 .text.USBH_AllocPipe
                0x000000000800943a       0x42 Middlewares/ST/STM32_USB_Host_Library/Core/Src/usbh_pipes.o
                0x000000000800943a                USBH_AllocPipe
 .text.USBH_FreePipe
                0x000000000800947c       0x3c Middlewares/ST/STM32_USB_Host_Library/Core/Src/usbh_pipes.o
                0x000000000800947c                USBH_FreePipe
 .text.USBH_GetFreePipe
                0x00000000080094b8       0x48 Middlewares/ST/STM32_USB_Host_Library/Core/Src/usbh_pipes.o
 .text.SVC_Setup
                0x0000000008009500        0xe Middlewares/Third_Party/FreeRTOS/Source/CMSIS_RTOS_V2/cmsis_os2.o
 *fill*         0x000000000800950e        0x2 
 .text.osKernelInitialize
                0x0000000008009510       0x68 Middlewares/Third_Party/FreeRTOS/Source/CMSIS_RTOS_V2/cmsis_os2.o
                0x0000000008009510                osKernelInitialize
 .text.osKernelStart
                0x0000000008009578       0x6c Middlewares/Third_Party/FreeRTOS/Source/CMSIS_RTOS_V2/cmsis_os2.o
                0x0000000008009578                osKernelStart
 .text.osThreadNew
                0x00000000080095e4      0x14c Middlewares/Third_Party/FreeRTOS/Source/CMSIS_RTOS_V2/cmsis_os2.o
                0x00000000080095e4                osThreadNew
 .text.osDelay  0x0000000008009730       0x5c Middlewares/Third_Party/FreeRTOS/Source/CMSIS_RTOS_V2/cmsis_os2.o
                0x0000000008009730                osDelay
 .text.osMessageQueueNew
                0x000000000800978c      0x10c Middlewares/Third_Party/FreeRTOS/Source/CMSIS_RTOS_V2/cmsis_os2.o
                0x000000000800978c                osMessageQueueNew
 .text.osMessageQueuePut
                0x0000000008009898       0xe8 Middlewares/Third_Party/FreeRTOS/Source/CMSIS_RTOS_V2/cmsis_os2.o
                0x0000000008009898                osMessageQueuePut
 .text.osMessageQueueGet
                0x0000000008009980       0xe4 Middlewares/Third_Party/FreeRTOS/Source/CMSIS_RTOS_V2/cmsis_os2.o
                0x0000000008009980                osMessageQueueGet
 .text.vApplicationGetIdleTaskMemory
                0x0000000008009a64       0x34 Middlewares/Third_Party/FreeRTOS/Source/CMSIS_RTOS_V2/cmsis_os2.o
                0x0000000008009a64                vApplicationGetIdleTaskMemory
 .text.vApplicationGetTimerTaskMemory
                0x0000000008009a98       0x34 Middlewares/Third_Party/FreeRTOS/Source/CMSIS_RTOS_V2/cmsis_os2.o
                0x0000000008009a98                vApplicationGetTimerTaskMemory
 .text.vListInitialise
                0x0000000008009acc       0x40 Middlewares/Third_Party/FreeRTOS/Source/list.o
                0x0000000008009acc                vListInitialise
 .text.vListInitialiseItem
                0x0000000008009b0c       0x1a Middlewares/Third_Party/FreeRTOS/Source/list.o
                0x0000000008009b0c                vListInitialiseItem
 .text.vListInsertEnd
                0x0000000008009b26       0x48 Middlewares/Third_Party/FreeRTOS/Source/list.o
                0x0000000008009b26                vListInsertEnd
 .text.vListInsert
                0x0000000008009b6e       0x72 Middlewares/Third_Party/FreeRTOS/Source/list.o
                0x0000000008009b6e                vListInsert
 .text.uxListRemove
                0x0000000008009be0       0x54 Middlewares/Third_Party/FreeRTOS/Source/list.o
                0x0000000008009be0                uxListRemove
 .text.xQueueGenericReset
                0x0000000008009c34       0xd0 Middlewares/Third_Party/FreeRTOS/Source/queue.o
                0x0000000008009c34                xQueueGenericReset
 .text.xQueueGenericCreateStatic
                0x0000000008009d04       0xe6 Middlewares/Third_Party/FreeRTOS/Source/queue.o
                0x0000000008009d04                xQueueGenericCreateStatic
 .text.xQueueGenericCreate
                0x0000000008009dea       0x7e Middlewares/Third_Party/FreeRTOS/Source/queue.o
                0x0000000008009dea                xQueueGenericCreate
 .text.prvInitialiseNewQueue
                0x0000000008009e68       0x46 Middlewares/Third_Party/FreeRTOS/Source/queue.o
 *fill*         0x0000000008009eae        0x2 
 .text.xQueueGenericSend
                0x0000000008009eb0      0x1f4 Middlewares/Third_Party/FreeRTOS/Source/queue.o
                0x0000000008009eb0                xQueueGenericSend
 .text.xQueueGenericSendFromISR
                0x000000000800a0a4      0x128 Middlewares/Third_Party/FreeRTOS/Source/queue.o
                0x000000000800a0a4                xQueueGenericSendFromISR
 .text.xQueueReceive
                0x000000000800a1cc      0x1b8 Middlewares/Third_Party/FreeRTOS/Source/queue.o
                0x000000000800a1cc                xQueueReceive
 .text.xQueueReceiveFromISR
                0x000000000800a384       0xfa Middlewares/Third_Party/FreeRTOS/Source/queue.o
                0x000000000800a384                xQueueReceiveFromISR
 .text.prvCopyDataToQueue
                0x000000000800a47e       0xd4 Middlewares/Third_Party/FreeRTOS/Source/queue.o
 .text.prvCopyDataFromQueue
                0x000000000800a552       0x4c Middlewares/Third_Party/FreeRTOS/Source/queue.o
 .text.prvUnlockQueue
                0x000000000800a59e       0xa4 Middlewares/Third_Party/FreeRTOS/Source/queue.o
 .text.prvIsQueueEmpty
                0x000000000800a642       0x2c Middlewares/Third_Party/FreeRTOS/Source/queue.o
 .text.prvIsQueueFull
                0x000000000800a66e       0x30 Middlewares/Third_Party/FreeRTOS/Source/queue.o
 *fill*         0x000000000800a69e        0x2 
 .text.vQueueAddToRegistry
                0x000000000800a6a0       0x50 Middlewares/Third_Party/FreeRTOS/Source/queue.o
                0x000000000800a6a0                vQueueAddToRegistry
 .text.vQueueWaitForMessageRestricted
                0x000000000800a6f0       0x68 Middlewares/Third_Party/FreeRTOS/Source/queue.o
                0x000000000800a6f0                vQueueWaitForMessageRestricted
 .text.xTaskCreateStatic
                0x000000000800a758       0xb4 Middlewares/Third_Party/FreeRTOS/Source/tasks.o
                0x000000000800a758                xTaskCreateStatic
 .text.xTaskCreate
                0x000000000800a80c       0x8a Middlewares/Third_Party/FreeRTOS/Source/tasks.o
                0x000000000800a80c                xTaskCreate
 .text.prvInitialiseNewTask
                0x000000000800a896      0x11c Middlewares/Third_Party/FreeRTOS/Source/tasks.o
 *fill*         0x000000000800a9b2        0x2 
 .text.prvAddNewTaskToReadyList
                0x000000000800a9b4       0xe0 Middlewares/Third_Party/FreeRTOS/Source/tasks.o
 .text.vTaskDelay
                0x000000000800aa94       0x68 Middlewares/Third_Party/FreeRTOS/Source/tasks.o
                0x000000000800aa94                vTaskDelay
 .text.vTaskStartScheduler
                0x000000000800aafc       0xc8 Middlewares/Third_Party/FreeRTOS/Source/tasks.o
                0x000000000800aafc                vTaskStartScheduler
 .text.vTaskSuspendAll
                0x000000000800abc4       0x1c Middlewares/Third_Party/FreeRTOS/Source/tasks.o
                0x000000000800abc4                vTaskSuspendAll
 .text.xTaskResumeAll
                0x000000000800abe0      0x138 Middlewares/Third_Party/FreeRTOS/Source/tasks.o
                0x000000000800abe0                xTaskResumeAll
 .text.xTaskGetTickCount
                0x000000000800ad18       0x20 Middlewares/Third_Party/FreeRTOS/Source/tasks.o
                0x000000000800ad18                xTaskGetTickCount
 .text.xTaskIncrementTick
                0x000000000800ad38      0x170 Middlewares/Third_Party/FreeRTOS/Source/tasks.o
                0x000000000800ad38                xTaskIncrementTick
 .text.vTaskSwitchContext
                0x000000000800aea8       0xb8 Middlewares/Third_Party/FreeRTOS/Source/tasks.o
                0x000000000800aea8                vTaskSwitchContext
 .text.vTaskPlaceOnEventList
                0x000000000800af60       0x48 Middlewares/Third_Party/FreeRTOS/Source/tasks.o
                0x000000000800af60                vTaskPlaceOnEventList
 .text.vTaskPlaceOnEventListRestricted
                0x000000000800afa8       0x54 Middlewares/Third_Party/FreeRTOS/Source/tasks.o
                0x000000000800afa8                vTaskPlaceOnEventListRestricted
 .text.xTaskRemoveFromEventList
                0x000000000800affc       0xc4 Middlewares/Third_Party/FreeRTOS/Source/tasks.o
                0x000000000800affc                xTaskRemoveFromEventList
 .text.vTaskInternalSetTimeOutState
                0x000000000800b0c0       0x2c Middlewares/Third_Party/FreeRTOS/Source/tasks.o
                0x000000000800b0c0                vTaskInternalSetTimeOutState
 .text.xTaskCheckForTimeOut
                0x000000000800b0ec       0xc0 Middlewares/Third_Party/FreeRTOS/Source/tasks.o
                0x000000000800b0ec                xTaskCheckForTimeOut
 .text.vTaskMissedYield
                0x000000000800b1ac       0x18 Middlewares/Third_Party/FreeRTOS/Source/tasks.o
                0x000000000800b1ac                vTaskMissedYield
 .text.prvIdleTask
                0x000000000800b1c4       0x30 Middlewares/Third_Party/FreeRTOS/Source/tasks.o
 .text.prvInitialiseTaskLists
                0x000000000800b1f4       0x80 Middlewares/Third_Party/FreeRTOS/Source/tasks.o
 .text.prvCheckTasksWaitingTermination
                0x000000000800b274       0x58 Middlewares/Third_Party/FreeRTOS/Source/tasks.o
 .text.prvDeleteTCB
                0x000000000800b2cc       0x5c Middlewares/Third_Party/FreeRTOS/Source/tasks.o
 .text.prvResetNextTaskUnblockTime
                0x000000000800b328       0x40 Middlewares/Third_Party/FreeRTOS/Source/tasks.o
 .text.xTaskGetSchedulerState
                0x000000000800b368       0x3c Middlewares/Third_Party/FreeRTOS/Source/tasks.o
                0x000000000800b368                xTaskGetSchedulerState
 .text.xTaskPriorityDisinherit
                0x000000000800b3a4       0xd8 Middlewares/Third_Party/FreeRTOS/Source/tasks.o
                0x000000000800b3a4                xTaskPriorityDisinherit
 .text.prvAddCurrentTaskToDelayedList
                0x000000000800b47c       0xa8 Middlewares/Third_Party/FreeRTOS/Source/tasks.o
 .text.xTimerCreateTimerTask
                0x000000000800b524       0x90 Middlewares/Third_Party/FreeRTOS/Source/timers.o
                0x000000000800b524                xTimerCreateTimerTask
 .text.xTimerGenericCommand
                0x000000000800b5b4       0x98 Middlewares/Third_Party/FreeRTOS/Source/timers.o
                0x000000000800b5b4                xTimerGenericCommand
 .text.prvProcessExpiredTimer
                0x000000000800b64c       0x98 Middlewares/Third_Party/FreeRTOS/Source/timers.o
 .text.prvTimerTask
                0x000000000800b6e4       0x24 Middlewares/Third_Party/FreeRTOS/Source/timers.o
 .text.prvProcessTimerOrBlockTask
                0x000000000800b708       0x9c Middlewares/Third_Party/FreeRTOS/Source/timers.o
 .text.prvGetNextExpireTime
                0x000000000800b7a4       0x48 Middlewares/Third_Party/FreeRTOS/Source/timers.o
 .text.prvSampleTimeNow
                0x000000000800b7ec       0x40 Middlewares/Third_Party/FreeRTOS/Source/timers.o
 .text.prvInsertTimerInActiveList
                0x000000000800b82c       0x84 Middlewares/Third_Party/FreeRTOS/Source/timers.o
 .text.prvProcessReceivedCommands
                0x000000000800b8b0      0x1b8 Middlewares/Third_Party/FreeRTOS/Source/timers.o
 .text.prvSwitchTimerLists
                0x000000000800ba68       0xc8 Middlewares/Third_Party/FreeRTOS/Source/timers.o
 .text.prvCheckForValidListAndQueue
                0x000000000800bb30       0x80 Middlewares/Third_Party/FreeRTOS/Source/timers.o
 .text.pxPortInitialiseStack
                0x000000000800bbb0       0x68 Middlewares/Third_Party/FreeRTOS/Source/portable/GCC/ARM_CM4F/port.o
                0x000000000800bbb0                pxPortInitialiseStack
 .text.prvTaskExitError
                0x000000000800bc18       0x54 Middlewares/Third_Party/FreeRTOS/Source/portable/GCC/ARM_CM4F/port.o
 *fill*         0x000000000800bc6c        0x4 
 .text.SVC_Handler
                0x000000000800bc70       0x28 Middlewares/Third_Party/FreeRTOS/Source/portable/GCC/ARM_CM4F/port.o
                0x000000000800bc70                SVC_Handler
 .text.prvPortStartFirstTask
                0x000000000800bc98       0x28 Middlewares/Third_Party/FreeRTOS/Source/portable/GCC/ARM_CM4F/port.o
 .text.xPortStartScheduler
                0x000000000800bcc0      0x13c Middlewares/Third_Party/FreeRTOS/Source/portable/GCC/ARM_CM4F/port.o
                0x000000000800bcc0                xPortStartScheduler
 .text.vPortEnterCritical
                0x000000000800bdfc       0x5c Middlewares/Third_Party/FreeRTOS/Source/portable/GCC/ARM_CM4F/port.o
                0x000000000800bdfc                vPortEnterCritical
 .text.vPortExitCritical
                0x000000000800be58       0x50 Middlewares/Third_Party/FreeRTOS/Source/portable/GCC/ARM_CM4F/port.o
                0x000000000800be58                vPortExitCritical
 *fill*         0x000000000800bea8        0x8 
 .text.PendSV_Handler
                0x000000000800beb0       0x68 Middlewares/Third_Party/FreeRTOS/Source/portable/GCC/ARM_CM4F/port.o
                0x000000000800beb0                PendSV_Handler
 .text.SysTick_Handler
                0x000000000800bf18       0x40 Middlewares/Third_Party/FreeRTOS/Source/portable/GCC/ARM_CM4F/port.o
                0x000000000800bf18                SysTick_Handler
 .text.vPortSetupTimerInterrupt
                0x000000000800bf58       0x48 Middlewares/Third_Party/FreeRTOS/Source/portable/GCC/ARM_CM4F/port.o
                0x000000000800bf58                vPortSetupTimerInterrupt
 .text.vPortEnableVFP
                0x000000000800bfa0       0x14 Middlewares/Third_Party/FreeRTOS/Source/portable/GCC/ARM_CM4F/port.o
 .text.vPortValidateInterruptPriority
                0x000000000800bfb4       0x7c Middlewares/Third_Party/FreeRTOS/Source/portable/GCC/ARM_CM4F/port.o
                0x000000000800bfb4                vPortValidateInterruptPriority
 .text.pvPortMalloc
                0x000000000800c030      0x184 Middlewares/Third_Party/FreeRTOS/Source/portable/MemMang/heap_4.o
                0x000000000800c030                pvPortMalloc
 .text.vPortFree
                0x000000000800c1b4       0xb0 Middlewares/Third_Party/FreeRTOS/Source/portable/MemMang/heap_4.o
                0x000000000800c1b4                vPortFree
 .text.prvHeapInit
                0x000000000800c264       0xc4 Middlewares/Third_Party/FreeRTOS/Source/portable/MemMang/heap_4.o
 .text.prvInsertBlockIntoFreeList
                0x000000000800c328       0xb4 Middlewares/Third_Party/FreeRTOS/Source/portable/MemMang/heap_4.o
 .text.MX_USB_HOST_Init
                0x000000000800c3dc       0x4c USB_HOST/App/usb_host.o
                0x000000000800c3dc                MX_USB_HOST_Init
 .text.USBH_UserProcess
                0x000000000800c428       0x5c USB_HOST/App/usb_host.o
 .text.HAL_HCD_MspInit
                0x000000000800c484       0xc4 USB_HOST/Target/usbh_conf.o
                0x000000000800c484                HAL_HCD_MspInit
 .text.HAL_HCD_SOF_Callback
                0x000000000800c548       0x1c USB_HOST/Target/usbh_conf.o
                0x000000000800c548                HAL_HCD_SOF_Callback
 .text.HAL_HCD_Connect_Callback
                0x000000000800c564       0x1c USB_HOST/Target/usbh_conf.o
                0x000000000800c564                HAL_HCD_Connect_Callback
 .text.HAL_HCD_Disconnect_Callback
                0x000000000800c580       0x1c USB_HOST/Target/usbh_conf.o
                0x000000000800c580                HAL_HCD_Disconnect_Callback
 .text.HAL_HCD_HC_NotifyURBChange_Callback
                0x000000000800c59c       0x24 USB_HOST/Target/usbh_conf.o
                0x000000000800c59c                HAL_HCD_HC_NotifyURBChange_Callback
 .text.HAL_HCD_PortEnabled_Callback
                0x000000000800c5c0       0x1c USB_HOST/Target/usbh_conf.o
                0x000000000800c5c0                HAL_HCD_PortEnabled_Callback
 .text.HAL_HCD_PortDisabled_Callback
                0x000000000800c5dc       0x1c USB_HOST/Target/usbh_conf.o
                0x000000000800c5dc                HAL_HCD_PortDisabled_Callback
 .text.USBH_LL_Init
                0x000000000800c5f8       0x78 USB_HOST/Target/usbh_conf.o
                0x000000000800c5f8                USBH_LL_Init
 .text.USBH_LL_Start
                0x000000000800c670       0x36 USB_HOST/Target/usbh_conf.o
                0x000000000800c670                USBH_LL_Start
 .text.USBH_LL_Stop
                0x000000000800c6a6       0x36 USB_HOST/Target/usbh_conf.o
                0x000000000800c6a6                USBH_LL_Stop
 .text.USBH_LL_GetSpeed
                0x000000000800c6dc       0x4a USB_HOST/Target/usbh_conf.o
                0x000000000800c6dc                USBH_LL_GetSpeed
 .text.USBH_LL_ResetPort
                0x000000000800c726       0x36 USB_HOST/Target/usbh_conf.o
                0x000000000800c726                USBH_LL_ResetPort
 .text.USBH_LL_GetLastXferSize
                0x000000000800c75c       0x26 USB_HOST/Target/usbh_conf.o
                0x000000000800c75c                USBH_LL_GetLastXferSize
 .text.USBH_LL_OpenPipe
                0x000000000800c782       0x5e USB_HOST/Target/usbh_conf.o
                0x000000000800c782                USBH_LL_OpenPipe
 .text.USBH_LL_ClosePipe
                0x000000000800c7e0       0x3e USB_HOST/Target/usbh_conf.o
                0x000000000800c7e0                USBH_LL_ClosePipe
 .text.USBH_LL_SubmitURB
                0x000000000800c81e       0x62 USB_HOST/Target/usbh_conf.o
                0x000000000800c81e                USBH_LL_SubmitURB
 .text.USBH_LL_GetURBState
                0x000000000800c880       0x26 USB_HOST/Target/usbh_conf.o
                0x000000000800c880                USBH_LL_GetURBState
 .text.USBH_LL_DriverVBUS
                0x000000000800c8a6       0x2e USB_HOST/Target/usbh_conf.o
                0x000000000800c8a6                USBH_LL_DriverVBUS
 .text.USBH_LL_SetToggle
                0x000000000800c8d4       0x66 USB_HOST/Target/usbh_conf.o
                0x000000000800c8d4                USBH_LL_SetToggle
 .text.USBH_Delay
                0x000000000800c93a       0x16 USB_HOST/Target/usbh_conf.o
                0x000000000800c93a                USBH_Delay
 .text.USBH_Get_USB_Status
                0x000000000800c950       0x58 USB_HOST/Target/usbh_conf.o
                0x000000000800c950                USBH_Get_USB_Status
 .text.MX_DriverVbusFS
                0x000000000800c9a8       0x38 USB_HOST/Target/usbh_platform.o
                0x000000000800c9a8                MX_DriverVbusFS
 .text.__errno  0x000000000800c9e0        0xc c:/st/stm32cubeide_1.5.1/stm32cubeide/plugins/com.st.stm32cube.ide.mcu.externaltools.gnu-tools-for-stm32.7-2018-q2-update.win32_1.5.0.202011040924/tools/bin/../lib/gcc/arm-none-eabi/7.3.1/../../../../arm-none-eabi/lib/thumb/v7e-m/fpv4-sp/hard\libc_nano.a(lib_a-errno.o)
                0x000000000800c9e0                __errno
 .text.__libc_init_array
                0x000000000800c9ec       0x48 c:/st/stm32cubeide_1.5.1/stm32cubeide/plugins/com.st.stm32cube.ide.mcu.externaltools.gnu-tools-for-stm32.7-2018-q2-update.win32_1.5.0.202011040924/tools/bin/../lib/gcc/arm-none-eabi/7.3.1/../../../../arm-none-eabi/lib/thumb/v7e-m/fpv4-sp/hard\libc_nano.a(lib_a-init.o)
                0x000000000800c9ec                __libc_init_array
 .text.malloc   0x000000000800ca34       0x10 c:/st/stm32cubeide_1.5.1/stm32cubeide/plugins/com.st.stm32cube.ide.mcu.externaltools.gnu-tools-for-stm32.7-2018-q2-update.win32_1.5.0.202011040924/tools/bin/../lib/gcc/arm-none-eabi/7.3.1/../../../../arm-none-eabi/lib/thumb/v7e-m/fpv4-sp/hard\libc_nano.a(lib_a-malloc.o)
                0x000000000800ca34                malloc
 .text.free     0x000000000800ca44       0x10 c:/st/stm32cubeide_1.5.1/stm32cubeide/plugins/com.st.stm32cube.ide.mcu.externaltools.gnu-tools-for-stm32.7-2018-q2-update.win32_1.5.0.202011040924/tools/bin/../lib/gcc/arm-none-eabi/7.3.1/../../../../arm-none-eabi/lib/thumb/v7e-m/fpv4-sp/hard\libc_nano.a(lib_a-malloc.o)
                0x000000000800ca44                free
 .text.memcpy   0x000000000800ca54       0x16 c:/st/stm32cubeide_1.5.1/stm32cubeide/plugins/com.st.stm32cube.ide.mcu.externaltools.gnu-tools-for-stm32.7-2018-q2-update.win32_1.5.0.202011040924/tools/bin/../lib/gcc/arm-none-eabi/7.3.1/../../../../arm-none-eabi/lib/thumb/v7e-m/fpv4-sp/hard\libc_nano.a(lib_a-memcpy-stub.o)
                0x000000000800ca54                memcpy
 .text.memset   0x000000000800ca6a       0x10 c:/st/stm32cubeide_1.5.1/stm32cubeide/plugins/com.st.stm32cube.ide.mcu.externaltools.gnu-tools-for-stm32.7-2018-q2-update.win32_1.5.0.202011040924/tools/bin/../lib/gcc/arm-none-eabi/7.3.1/../../../../arm-none-eabi/lib/thumb/v7e-m/fpv4-sp/hard\libc_nano.a(lib_a-memset.o)
                0x000000000800ca6a                memset
 *fill*         0x000000000800ca7a        0x2 
 .text._free_r  0x000000000800ca7c       0x9c c:/st/stm32cubeide_1.5.1/stm32cubeide/plugins/com.st.stm32cube.ide.mcu.externaltools.gnu-tools-for-stm32.7-2018-q2-update.win32_1.5.0.202011040924/tools/bin/../lib/gcc/arm-none-eabi/7.3.1/../../../../arm-none-eabi/lib/thumb/v7e-m/fpv4-sp/hard\libc_nano.a(lib_a-nano-freer.o)
                0x000000000800ca7c                _free_r
 .text._malloc_r
                0x000000000800cb18       0xb4 c:/st/stm32cubeide_1.5.1/stm32cubeide/plugins/com.st.stm32cube.ide.mcu.externaltools.gnu-tools-for-stm32.7-2018-q2-update.win32_1.5.0.202011040924/tools/bin/../lib/gcc/arm-none-eabi/7.3.1/../../../../arm-none-eabi/lib/thumb/v7e-m/fpv4-sp/hard\libc_nano.a(lib_a-nano-mallocr.o)
                0x000000000800cb18                _malloc_r
 .text._sbrk_r  0x000000000800cbcc       0x20 c:/st/stm32cubeide_1.5.1/stm32cubeide/plugins/com.st.stm32cube.ide.mcu.externaltools.gnu-tools-for-stm32.7-2018-q2-update.win32_1.5.0.202011040924/tools/bin/../lib/gcc/arm-none-eabi/7.3.1/../../../../arm-none-eabi/lib/thumb/v7e-m/fpv4-sp/hard\libc_nano.a(lib_a-sbrkr.o)
                0x000000000800cbcc                _sbrk_r
 .text.__malloc_lock
                0x000000000800cbec        0x2 c:/st/stm32cubeide_1.5.1/stm32cubeide/plugins/com.st.stm32cube.ide.mcu.externaltools.gnu-tools-for-stm32.7-2018-q2-update.win32_1.5.0.202011040924/tools/bin/../lib/gcc/arm-none-eabi/7.3.1/../../../../arm-none-eabi/lib/thumb/v7e-m/fpv4-sp/hard\libc_nano.a(lib_a-mlock.o)
                0x000000000800cbec                __malloc_lock
 .text.__malloc_unlock
                0x000000000800cbee        0x2 c:/st/stm32cubeide_1.5.1/stm32cubeide/plugins/com.st.stm32cube.ide.mcu.externaltools.gnu-tools-for-stm32.7-2018-q2-update.win32_1.5.0.202011040924/tools/bin/../lib/gcc/arm-none-eabi/7.3.1/../../../../arm-none-eabi/lib/thumb/v7e-m/fpv4-sp/hard\libc_nano.a(lib_a-mlock.o)
                0x000000000800cbee                __malloc_unlock
 *(.glue_7)
 .glue_7        0x000000000800cbf0        0x0 linker stubs
 *(.glue_7t)
 .glue_7t       0x000000000800cbf0        0x0 linker stubs
 *(.eh_frame)
 .eh_frame      0x000000000800cbf0        0x0 c:/st/stm32cubeide_1.5.1/stm32cubeide/plugins/com.st.stm32cube.ide.mcu.externaltools.gnu-tools-for-stm32.7-2018-q2-update.win32_1.5.0.202011040924/tools/bin/../lib/gcc/arm-none-eabi/7.3.1/thumb/v7e-m/fpv4-sp/hard/crtbegin.o
 *(.init)
 .init          0x000000000800cbf0        0x4 c:/st/stm32cubeide_1.5.1/stm32cubeide/plugins/com.st.stm32cube.ide.mcu.externaltools.gnu-tools-for-stm32.7-2018-q2-update.win32_1.5.0.202011040924/tools/bin/../lib/gcc/arm-none-eabi/7.3.1/thumb/v7e-m/fpv4-sp/hard/crti.o
                0x000000000800cbf0                _init
 .init          0x000000000800cbf4        0x8 c:/st/stm32cubeide_1.5.1/stm32cubeide/plugins/com.st.stm32cube.ide.mcu.externaltools.gnu-tools-for-stm32.7-2018-q2-update.win32_1.5.0.202011040924/tools/bin/../lib/gcc/arm-none-eabi/7.3.1/thumb/v7e-m/fpv4-sp/hard/crtn.o
 *(.fini)
 .fini          0x000000000800cbfc        0x4 c:/st/stm32cubeide_1.5.1/stm32cubeide/plugins/com.st.stm32cube.ide.mcu.externaltools.gnu-tools-for-stm32.7-2018-q2-update.win32_1.5.0.202011040924/tools/bin/../lib/gcc/arm-none-eabi/7.3.1/thumb/v7e-m/fpv4-sp/hard/crti.o
                0x000000000800cbfc                _fini
 .fini          0x000000000800cc00        0x8 c:/st/stm32cubeide_1.5.1/stm32cubeide/plugins/com.st.stm32cube.ide.mcu.externaltools.gnu-tools-for-stm32.7-2018-q2-update.win32_1.5.0.202011040924/tools/bin/../lib/gcc/arm-none-eabi/7.3.1/thumb/v7e-m/fpv4-sp/hard/crtn.o
                0x000000000800cc08                . = ALIGN (0x4)
                0x000000000800cc08                _etext = .

.vfp11_veneer   0x000000000800cc08        0x0
 .vfp11_veneer  0x000000000800cc08        0x0 linker stubs

.v4_bx          0x000000000800cc08        0x0
 .v4_bx         0x000000000800cc08        0x0 linker stubs

.iplt           0x000000000800cc08        0x0
 .iplt          0x000000000800cc08        0x0 c:/st/stm32cubeide_1.5.1/stm32cubeide/plugins/com.st.stm32cube.ide.mcu.externaltools.gnu-tools-for-stm32.7-2018-q2-update.win32_1.5.0.202011040924/tools/bin/../lib/gcc/arm-none-eabi/7.3.1/thumb/v7e-m/fpv4-sp/hard/crtbegin.o

.rodata         0x000000000800cc08       0xf8
                0x000000000800cc08                . = ALIGN (0x4)
 *(.rodata)
 .rodata        0x000000000800cc08       0x94 Core/Src/main.o
 .rodata        0x000000000800cc9c        0x4 Middlewares/ST/STM32_USB_Host_Library/Class/CDC/Src/usbh_cdc.o
 .rodata        0x000000000800cca0        0xb Middlewares/ST/STM32_USB_Host_Library/Core/Src/usbh_core.o
 *fill*         0x000000000800ccab        0x1 
 .rodata        0x000000000800ccac        0x5 Middlewares/Third_Party/FreeRTOS/Source/tasks.o
 *fill*         0x000000000800ccb1        0x3 
 .rodata        0x000000000800ccb4        0xd Middlewares/Third_Party/FreeRTOS/Source/timers.o
 *(.rodata*)
 *fill*         0x000000000800ccc1        0x3 
 .rodata.defaultTask_attributes
                0x000000000800ccc4       0x24 Core/Src/main.o
                0x000000000800ccc4                defaultTask_attributes
 .rodata.AHBPrescTable
                0x000000000800cce8       0x10 Core/Src/system_stm32f4xx.o
                0x000000000800cce8                AHBPrescTable
 .rodata.APBPrescTable
                0x000000000800ccf8        0x8 Core/Src/system_stm32f4xx.o
                0x000000000800ccf8                APBPrescTable
                0x000000000800cd00                . = ALIGN (0x4)

.ARM.extab      0x000000000800cd00        0x0
                0x000000000800cd00                . = ALIGN (0x4)
 *(.ARM.extab* .gnu.linkonce.armextab.*)
                0x000000000800cd00                . = ALIGN (0x4)

.ARM            0x000000000800cd00        0x8
                0x000000000800cd00                . = ALIGN (0x4)
                0x000000000800cd00                __exidx_start = .
 *(.ARM.exidx*)
 .ARM.exidx     0x000000000800cd00        0x8 c:/st/stm32cubeide_1.5.1/stm32cubeide/plugins/com.st.stm32cube.ide.mcu.externaltools.gnu-tools-for-stm32.7-2018-q2-update.win32_1.5.0.202011040924/tools/bin/../lib/gcc/arm-none-eabi/7.3.1/thumb/v7e-m/fpv4-sp/hard\libgcc.a(_udivmoddi4.o)
                0x000000000800cd08                __exidx_end = .
                0x000000000800cd08                . = ALIGN (0x4)

.rel.dyn        0x000000000800cd08        0x0
 .rel.iplt      0x000000000800cd08        0x0 c:/st/stm32cubeide_1.5.1/stm32cubeide/plugins/com.st.stm32cube.ide.mcu.externaltools.gnu-tools-for-stm32.7-2018-q2-update.win32_1.5.0.202011040924/tools/bin/../lib/gcc/arm-none-eabi/7.3.1/thumb/v7e-m/fpv4-sp/hard/crtbegin.o

.preinit_array  0x000000000800cd08        0x0
                0x000000000800cd08                . = ALIGN (0x4)
                0x000000000800cd08                PROVIDE (__preinit_array_start = .)
 *(.preinit_array*)
                0x000000000800cd08                PROVIDE (__preinit_array_end = .)
                0x000000000800cd08                . = ALIGN (0x4)

.init_array     0x000000000800cd08        0x4
                0x000000000800cd08                . = ALIGN (0x4)
                0x000000000800cd08                PROVIDE (__init_array_start = .)
 *(SORT_BY_NAME(.init_array.*))
 *(.init_array*)
 .init_array    0x000000000800cd08        0x4 c:/st/stm32cubeide_1.5.1/stm32cubeide/plugins/com.st.stm32cube.ide.mcu.externaltools.gnu-tools-for-stm32.7-2018-q2-update.win32_1.5.0.202011040924/tools/bin/../lib/gcc/arm-none-eabi/7.3.1/thumb/v7e-m/fpv4-sp/hard/crtbegin.o
                0x000000000800cd0c                PROVIDE (__init_array_end = .)
                0x000000000800cd0c                . = ALIGN (0x4)

.fini_array     0x000000000800cd0c        0x4
                0x000000000800cd0c                . = ALIGN (0x4)
                [!provide]                        PROVIDE (__fini_array_start = .)
 *(SORT_BY_NAME(.fini_array.*))
 *(.fini_array*)
 .fini_array    0x000000000800cd0c        0x4 c:/st/stm32cubeide_1.5.1/stm32cubeide/plugins/com.st.stm32cube.ide.mcu.externaltools.gnu-tools-for-stm32.7-2018-q2-update.win32_1.5.0.202011040924/tools/bin/../lib/gcc/arm-none-eabi/7.3.1/thumb/v7e-m/fpv4-sp/hard/crtbegin.o
                [!provide]                        PROVIDE (__fini_array_end = .)
                0x000000000800cd10                . = ALIGN (0x4)
                0x000000000800cd10                _sidata = LOADADDR (.data)

.data           0x0000000020000000       0x94 load address 0x000000000800cd10
                0x0000000020000000                . = ALIGN (0x4)
                0x0000000020000000                _sdata = .
 *(.data)
 *(.data*)
 .data.SystemCoreClock
                0x0000000020000000        0x4 Core/Src/system_stm32f4xx.o
                0x0000000020000000                SystemCoreClock
 .data.uwTickPrio
                0x0000000020000004        0x4 Drivers/STM32F4xx_HAL_Driver/Src/stm32f4xx_hal.o
                0x0000000020000004                uwTickPrio
 .data.uwTickFreq
                0x0000000020000008        0x1 Drivers/STM32F4xx_HAL_Driver/Src/stm32f4xx_hal.o
                0x0000000020000008                uwTickFreq
 *fill*         0x0000000020000009        0x3 
 .data.CDC_Class
                0x000000002000000c       0x20 Middlewares/ST/STM32_USB_Host_Library/Class/CDC/Src/usbh_cdc.o
                0x000000002000000c                CDC_Class
 .data.uxCriticalNesting
                0x000000002000002c        0x4 Middlewares/Third_Party/FreeRTOS/Source/portable/GCC/ARM_CM4F/port.o
 .data._impure_ptr
                0x0000000020000030        0x4 c:/st/stm32cubeide_1.5.1/stm32cubeide/plugins/com.st.stm32cube.ide.mcu.externaltools.gnu-tools-for-stm32.7-2018-q2-update.win32_1.5.0.202011040924/tools/bin/../lib/gcc/arm-none-eabi/7.3.1/../../../../arm-none-eabi/lib/thumb/v7e-m/fpv4-sp/hard\libc_nano.a(lib_a-impure.o)
                0x0000000020000030                _impure_ptr
 .data.impure_data
                0x0000000020000034       0x60 c:/st/stm32cubeide_1.5.1/stm32cubeide/plugins/com.st.stm32cube.ide.mcu.externaltools.gnu-tools-for-stm32.7-2018-q2-update.win32_1.5.0.202011040924/tools/bin/../lib/gcc/arm-none-eabi/7.3.1/../../../../arm-none-eabi/lib/thumb/v7e-m/fpv4-sp/hard\libc_nano.a(lib_a-impure.o)
                0x0000000020000094                . = ALIGN (0x4)
                0x0000000020000094                _edata = .

.igot.plt       0x0000000020000094        0x0 load address 0x000000000800cda4
 .igot.plt      0x0000000020000094        0x0 c:/st/stm32cubeide_1.5.1/stm32cubeide/plugins/com.st.stm32cube.ide.mcu.externaltools.gnu-tools-for-stm32.7-2018-q2-update.win32_1.5.0.202011040924/tools/bin/../lib/gcc/arm-none-eabi/7.3.1/thumb/v7e-m/fpv4-sp/hard/crtbegin.o
                0x0000000020000094                . = ALIGN (0x4)

.bss            0x0000000020000094     0x524c load address 0x000000000800cda4
                0x0000000020000094                _sbss = .
                0x0000000020000094                __bss_start__ = _sbss
 *(.bss)
 .bss           0x0000000020000094       0x1c c:/st/stm32cubeide_1.5.1/stm32cubeide/plugins/com.st.stm32cube.ide.mcu.externaltools.gnu-tools-for-stm32.7-2018-q2-update.win32_1.5.0.202011040924/tools/bin/../lib/gcc/arm-none-eabi/7.3.1/thumb/v7e-m/fpv4-sp/hard/crtbegin.o
 *(.bss*)
 .bss.__sbrk_heap_end
                0x00000000200000b0        0x4 Core/Src/sysmem.o
 .bss.tmpreg.9192
                0x00000000200000b4        0x4 Drivers/STM32F4xx_HAL_Driver/Src/stm32f4xx_ll_usb.o
 .bss.KernelState
                0x00000000200000b8        0x4 Middlewares/Third_Party/FreeRTOS/Source/CMSIS_RTOS_V2/cmsis_os2.o
 .bss.Idle_TCB  0x00000000200000bc       0x5c Middlewares/Third_Party/FreeRTOS/Source/CMSIS_RTOS_V2/cmsis_os2.o
 .bss.Idle_Stack
                0x0000000020000118      0x200 Middlewares/Third_Party/FreeRTOS/Source/CMSIS_RTOS_V2/cmsis_os2.o
 .bss.Timer_TCB
                0x0000000020000318       0x5c Middlewares/Third_Party/FreeRTOS/Source/CMSIS_RTOS_V2/cmsis_os2.o
 .bss.Timer_Stack
                0x0000000020000374      0x400 Middlewares/Third_Party/FreeRTOS/Source/CMSIS_RTOS_V2/cmsis_os2.o
 .bss.pxCurrentTCB
                0x0000000020000774        0x4 Middlewares/Third_Party/FreeRTOS/Source/tasks.o
                0x0000000020000774                pxCurrentTCB
 .bss.pxReadyTasksLists
                0x0000000020000778      0x460 Middlewares/Third_Party/FreeRTOS/Source/tasks.o
 .bss.xDelayedTaskList1
                0x0000000020000bd8       0x14 Middlewares/Third_Party/FreeRTOS/Source/tasks.o
 .bss.xDelayedTaskList2
                0x0000000020000bec       0x14 Middlewares/Third_Party/FreeRTOS/Source/tasks.o
 .bss.pxDelayedTaskList
                0x0000000020000c00        0x4 Middlewares/Third_Party/FreeRTOS/Source/tasks.o
 .bss.pxOverflowDelayedTaskList
                0x0000000020000c04        0x4 Middlewares/Third_Party/FreeRTOS/Source/tasks.o
 .bss.xPendingReadyList
                0x0000000020000c08       0x14 Middlewares/Third_Party/FreeRTOS/Source/tasks.o
 .bss.xTasksWaitingTermination
                0x0000000020000c1c       0x14 Middlewares/Third_Party/FreeRTOS/Source/tasks.o
 .bss.uxDeletedTasksWaitingCleanUp
                0x0000000020000c30        0x4 Middlewares/Third_Party/FreeRTOS/Source/tasks.o
 .bss.xSuspendedTaskList
                0x0000000020000c34       0x14 Middlewares/Third_Party/FreeRTOS/Source/tasks.o
 .bss.uxCurrentNumberOfTasks
                0x0000000020000c48        0x4 Middlewares/Third_Party/FreeRTOS/Source/tasks.o
 .bss.xTickCount
                0x0000000020000c4c        0x4 Middlewares/Third_Party/FreeRTOS/Source/tasks.o
 .bss.uxTopReadyPriority
                0x0000000020000c50        0x4 Middlewares/Third_Party/FreeRTOS/Source/tasks.o
 .bss.xSchedulerRunning
                0x0000000020000c54        0x4 Middlewares/Third_Party/FreeRTOS/Source/tasks.o
 .bss.uxPendedTicks
                0x0000000020000c58        0x4 Middlewares/Third_Party/FreeRTOS/Source/tasks.o
 .bss.xYieldPending
                0x0000000020000c5c        0x4 Middlewares/Third_Party/FreeRTOS/Source/tasks.o
 .bss.xNumOfOverflows
                0x0000000020000c60        0x4 Middlewares/Third_Party/FreeRTOS/Source/tasks.o
 .bss.uxTaskNumber
                0x0000000020000c64        0x4 Middlewares/Third_Party/FreeRTOS/Source/tasks.o
 .bss.xNextTaskUnblockTime
                0x0000000020000c68        0x4 Middlewares/Third_Party/FreeRTOS/Source/tasks.o
 .bss.xIdleTaskHandle
                0x0000000020000c6c        0x4 Middlewares/Third_Party/FreeRTOS/Source/tasks.o
 .bss.uxSchedulerSuspended
                0x0000000020000c70        0x4 Middlewares/Third_Party/FreeRTOS/Source/tasks.o
 .bss.xActiveTimerList1
                0x0000000020000c74       0x14 Middlewares/Third_Party/FreeRTOS/Source/timers.o
 .bss.xActiveTimerList2
                0x0000000020000c88       0x14 Middlewares/Third_Party/FreeRTOS/Source/timers.o
 .bss.pxCurrentTimerList
                0x0000000020000c9c        0x4 Middlewares/Third_Party/FreeRTOS/Source/timers.o
 .bss.pxOverflowTimerList
                0x0000000020000ca0        0x4 Middlewares/Third_Party/FreeRTOS/Source/timers.o
 .bss.xTimerQueue
                0x0000000020000ca4        0x4 Middlewares/Third_Party/FreeRTOS/Source/timers.o
 .bss.xTimerTaskHandle
                0x0000000020000ca8        0x4 Middlewares/Third_Party/FreeRTOS/Source/timers.o
 .bss.xLastTime.6741
                0x0000000020000cac        0x4 Middlewares/Third_Party/FreeRTOS/Source/timers.o
 .bss.ucStaticTimerQueueStorage.6792
                0x0000000020000cb0       0xa0 Middlewares/Third_Party/FreeRTOS/Source/timers.o
 .bss.xStaticTimerQueue.6791
                0x0000000020000d50       0x50 Middlewares/Third_Party/FreeRTOS/Source/timers.o
 .bss.ucMaxSysCallPriority
                0x0000000020000da0        0x1 Middlewares/Third_Party/FreeRTOS/Source/portable/GCC/ARM_CM4F/port.o
 *fill*         0x0000000020000da1        0x3 
 .bss.ulMaxPRIGROUPValue
                0x0000000020000da4        0x4 Middlewares/Third_Party/FreeRTOS/Source/portable/GCC/ARM_CM4F/port.o
 .bss.ucHeap    0x0000000020000da8     0x3c00 Middlewares/Third_Party/FreeRTOS/Source/portable/MemMang/heap_4.o
 .bss.xStart    0x00000000200049a8        0x8 Middlewares/Third_Party/FreeRTOS/Source/portable/MemMang/heap_4.o
 .bss.pxEnd     0x00000000200049b0        0x4 Middlewares/Third_Party/FreeRTOS/Source/portable/MemMang/heap_4.o
 .bss.xFreeBytesRemaining
                0x00000000200049b4        0x4 Middlewares/Third_Party/FreeRTOS/Source/portable/MemMang/heap_4.o
 .bss.xMinimumEverFreeBytesRemaining
                0x00000000200049b8        0x4 Middlewares/Third_Party/FreeRTOS/Source/portable/MemMang/heap_4.o
 .bss.xBlockAllocatedBit
                0x00000000200049bc        0x4 Middlewares/Third_Party/FreeRTOS/Source/portable/MemMang/heap_4.o
 .bss.Appli_state
                0x00000000200049c0        0x1 USB_HOST/App/usb_host.o
                0x00000000200049c0                Appli_state
 *fill*         0x00000000200049c1        0x3 
 .bss.__malloc_free_list
                0x00000000200049c4        0x4 c:/st/stm32cubeide_1.5.1/stm32cubeide/plugins/com.st.stm32cube.ide.mcu.externaltools.gnu-tools-for-stm32.7-2018-q2-update.win32_1.5.0.202011040924/tools/bin/../lib/gcc/arm-none-eabi/7.3.1/../../../../arm-none-eabi/lib/thumb/v7e-m/fpv4-sp/hard\libc_nano.a(lib_a-nano-mallocr.o)
                0x00000000200049c4                __malloc_free_list
 .bss.__malloc_sbrk_start
                0x00000000200049c8        0x4 c:/st/stm32cubeide_1.5.1/stm32cubeide/plugins/com.st.stm32cube.ide.mcu.externaltools.gnu-tools-for-stm32.7-2018-q2-update.win32_1.5.0.202011040924/tools/bin/../lib/gcc/arm-none-eabi/7.3.1/../../../../arm-none-eabi/lib/thumb/v7e-m/fpv4-sp/hard\libc_nano.a(lib_a-nano-mallocr.o)
                0x00000000200049c8                __malloc_sbrk_start
 *(COMMON)
 COMMON         0x00000000200049cc      0x1c0 Core/Src/main.o
                0x00000000200049cc                defaultTaskHandle
                0x00000000200049d0                huart3
                0x0000000020004a10                hi2c1
                0x0000000020004a64                hadc1
                0x0000000020004aac                hspi1
                0x0000000020004b04                huart2
                0x0000000020004b44                hi2s3
 COMMON         0x0000000020004b8c       0x40 Core/Src/stm32f4xx_hal_timebase_tim.o
                0x0000000020004b8c                htim1
 COMMON         0x0000000020004bcc        0x4 Drivers/STM32F4xx_HAL_Driver/Src/stm32f4xx_hal.o
                0x0000000020004bcc                uwTick
 COMMON         0x0000000020004bd0       0x24 Middlewares/ST/STM32_USB_Host_Library/Core/Src/usbh_core.o
                0x0000000020004bd0                USBH_Thread_Atrr
 COMMON         0x0000000020004bf4       0x40 Middlewares/Third_Party/FreeRTOS/Source/queue.o
                0x0000000020004bf4                xQueueRegistry
 COMMON         0x0000000020004c34      0x3e4 USB_HOST/App/usb_host.o
                0x0000000020004c34                hUsbHostFS
 COMMON         0x0000000020005018      0x2c4 USB_HOST/Target/usbh_conf.o
                0x0000000020005018                hhcd_USB_OTG_FS
 COMMON         0x00000000200052dc        0x4 c:/st/stm32cubeide_1.5.1/stm32cubeide/plugins/com.st.stm32cube.ide.mcu.externaltools.gnu-tools-for-stm32.7-2018-q2-update.win32_1.5.0.202011040924/tools/bin/../lib/gcc/arm-none-eabi/7.3.1/../../../../arm-none-eabi/lib/thumb/v7e-m/fpv4-sp/hard\libc_nano.a(lib_a-reent.o)
                0x00000000200052dc                errno
                0x00000000200052e0                . = ALIGN (0x4)
                0x00000000200052e0                _ebss = .
                0x00000000200052e0                __bss_end__ = _ebss

._user_heap_stack
                0x00000000200052e0      0x600 load address 0x000000000800cda4
                0x00000000200052e0                . = ALIGN (0x8)
                [!provide]                        PROVIDE (end = .)
                0x00000000200052e0                PROVIDE (_end = .)
                0x00000000200054e0                . = (. + _Min_Heap_Size)
 *fill*         0x00000000200052e0      0x200 
                0x00000000200058e0                . = (. + _Min_Stack_Size)
 *fill*         0x00000000200054e0      0x400 
                0x00000000200058e0                . = ALIGN (0x8)

/DISCARD/
 libc.a(*)
 libm.a(*)
 libgcc.a(*)

.ARM.attributes
                0x0000000000000000       0x30
 *(.ARM.attributes)
 .ARM.attributes
                0x0000000000000000       0x22 c:/st/stm32cubeide_1.5.1/stm32cubeide/plugins/com.st.stm32cube.ide.mcu.externaltools.gnu-tools-for-stm32.7-2018-q2-update.win32_1.5.0.202011040924/tools/bin/../lib/gcc/arm-none-eabi/7.3.1/thumb/v7e-m/fpv4-sp/hard/crti.o
 .ARM.attributes
                0x0000000000000022       0x34 c:/st/stm32cubeide_1.5.1/stm32cubeide/plugins/com.st.stm32cube.ide.mcu.externaltools.gnu-tools-for-stm32.7-2018-q2-update.win32_1.5.0.202011040924/tools/bin/../lib/gcc/arm-none-eabi/7.3.1/thumb/v7e-m/fpv4-sp/hard/crtbegin.o
 .ARM.attributes
                0x0000000000000056       0x39 Core/Src/ADCman.o
 .ARM.attributes
                0x000000000000008f       0x39 Core/Src/main.o
 .ARM.attributes
                0x00000000000000c8       0x39 Core/Src/stm32f4xx_hal_msp.o
 .ARM.attributes
                0x0000000000000101       0x39 Core/Src/stm32f4xx_hal_timebase_tim.o
 .ARM.attributes
                0x000000000000013a       0x39 Core/Src/stm32f4xx_it.o
 .ARM.attributes
                0x0000000000000173       0x39 Core/Src/sysmem.o
 .ARM.attributes
                0x00000000000001ac       0x39 Core/Src/system_stm32f4xx.o
 .ARM.attributes
                0x00000000000001e5       0x21 Core/Startup/startup_stm32f407vgtx.o
 .ARM.attributes
                0x0000000000000206       0x39 Drivers/STM32F4xx_HAL_Driver/Src/stm32f4xx_hal.o
 .ARM.attributes
                0x000000000000023f       0x39 Drivers/STM32F4xx_HAL_Driver/Src/stm32f4xx_hal_adc.o
 .ARM.attributes
                0x0000000000000278       0x39 Drivers/STM32F4xx_HAL_Driver/Src/stm32f4xx_hal_cortex.o
 .ARM.attributes
                0x00000000000002b1       0x39 Drivers/STM32F4xx_HAL_Driver/Src/stm32f4xx_hal_gpio.o
 .ARM.attributes
                0x00000000000002ea       0x39 Drivers/STM32F4xx_HAL_Driver/Src/stm32f4xx_hal_hcd.o
 .ARM.attributes
                0x0000000000000323       0x39 Drivers/STM32F4xx_HAL_Driver/Src/stm32f4xx_hal_i2c.o
 .ARM.attributes
                0x000000000000035c       0x39 Drivers/STM32F4xx_HAL_Driver/Src/stm32f4xx_hal_i2s.o
 .ARM.attributes
                0x0000000000000395       0x39 Drivers/STM32F4xx_HAL_Driver/Src/stm32f4xx_hal_i2s_ex.o
 .ARM.attributes
                0x00000000000003ce       0x39 Drivers/STM32F4xx_HAL_Driver/Src/stm32f4xx_hal_rcc.o
 .ARM.attributes
                0x0000000000000407       0x39 Drivers/STM32F4xx_HAL_Driver/Src/stm32f4xx_hal_rcc_ex.o
 .ARM.attributes
                0x0000000000000440       0x39 Drivers/STM32F4xx_HAL_Driver/Src/stm32f4xx_hal_spi.o
 .ARM.attributes
                0x0000000000000479       0x39 Drivers/STM32F4xx_HAL_Driver/Src/stm32f4xx_hal_tim.o
 .ARM.attributes
                0x00000000000004b2       0x39 Drivers/STM32F4xx_HAL_Driver/Src/stm32f4xx_hal_tim_ex.o
 .ARM.attributes
                0x00000000000004eb       0x39 Drivers/STM32F4xx_HAL_Driver/Src/stm32f4xx_hal_uart.o
 .ARM.attributes
                0x0000000000000524       0x39 Drivers/STM32F4xx_HAL_Driver/Src/stm32f4xx_ll_usb.o
 .ARM.attributes
                0x000000000000055d       0x39 Middlewares/ST/STM32_USB_Host_Library/Class/CDC/Src/usbh_cdc.o
 .ARM.attributes
                0x0000000000000596       0x39 Middlewares/ST/STM32_USB_Host_Library/Core/Src/usbh_core.o
 .ARM.attributes
                0x00000000000005cf       0x39 Middlewares/ST/STM32_USB_Host_Library/Core/Src/usbh_ctlreq.o
 .ARM.attributes
                0x0000000000000608       0x39 Middlewares/ST/STM32_USB_Host_Library/Core/Src/usbh_ioreq.o
 .ARM.attributes
                0x0000000000000641       0x39 Middlewares/ST/STM32_USB_Host_Library/Core/Src/usbh_pipes.o
 .ARM.attributes
                0x000000000000067a       0x39 Middlewares/Third_Party/FreeRTOS/Source/CMSIS_RTOS_V2/cmsis_os2.o
 .ARM.attributes