main.c:93:6:vTaskForModbus	16	static
main.c:105:6:vTaskForSPI	232	static
main.c:124:6:vTaskForUART	16	static
main.c:135:6:vTaskForDisplay	32	static
main.c:148:6:vTaskForPorts	32	static
main.c:160:6:vTaskForADCSensorIn14	24	static
main.c:173:6:vTaskForADCSensorIn15	24	static
main.c:187:6:vTaskForI2C	32	static
main.c:205:5:main	16	static
main.c:328:6:SystemClock_Config	104	static
main.c:380:13:MX_ADC1_Init	24	static
main.c:430:13:MX_I2C1_Init	8	static
main.c:464:13:MX_I2S3_Init	8	static
main.c:498:13:MX_SPI1_Init	8	static
main.c:536:13:MX_USART2_UART_Init	8	static
main.c:569:13:MX_USART3_UART_Init	8	static
main.c:602:13:MX_GPIO_Init	56	static
main.c:700:6:StartDefaultTask	16	static
main.c:721:6:HAL_TIM_PeriodElapsedCallback	16	static
main.c:738:6:Error_Handler	4	static,ignoring_inline_asm
