main.c:91:6:vTaskForModbus	16	static
main.c:103:6:vTaskForSPI	16	static
main.c:114:6:vTaskForUART	16	static
main.c:125:6:vTaskForDisplay	32	static
main.c:138:6:vTaskForPorts	32	static
main.c:150:6:vTaskForADCSensorIn4	32	static
main.c:162:6:vTaskForADCSensorIn5	32	static
main.c:175:6:vTaskForI2C	32	static
main.c:193:5:main	16	static
main.c:316:6:SystemClock_Config	104	static
main.c:368:13:MX_ADC1_Init	24	static
main.c:418:13:MX_I2C1_Init	8	static
main.c:452:13:MX_I2S3_Init	8	static
main.c:486:13:MX_SPI1_Init	8	static
main.c:524:13:MX_USART2_UART_Init	8	static
main.c:557:13:MX_USART3_UART_Init	8	static
main.c:590:13:MX_GPIO_Init	56	static
main.c:688:6:StartDefaultTask	16	static
main.c:709:6:HAL_TIM_PeriodElapsedCallback	16	static
main.c:726:6:Error_Handler	4	static,ignoring_inline_asm
